Archive member included to satisfy reference by file (symbol)

c:/st/stm32cubeide_1.10.1/stm32cubeide/plugins/com.st.stm32cube.ide.mcu.externaltools.gnu-tools-for-stm32.10.3-2021.10.win32_1.0.0.202111181127/tools/bin/../lib/gcc/arm-none-eabi/10.3.1/../../../../arm-none-eabi/lib/thumb/v7e-m+fp/hard\libstdc++_nano.a(del_ops.o)
                              ./Core/srccpp/BussinessLogic/ApplicationSW.o (operator delete(void*, unsigned int))
c:/st/stm32cubeide_1.10.1/stm32cubeide/plugins/com.st.stm32cube.ide.mcu.externaltools.gnu-tools-for-stm32.10.3-2021.10.win32_1.0.0.202111181127/tools/bin/../lib/gcc/arm-none-eabi/10.3.1/../../../../arm-none-eabi/lib/thumb/v7e-m+fp/hard\libstdc++_nano.a(del_op.o)
                              c:/st/stm32cubeide_1.10.1/stm32cubeide/plugins/com.st.stm32cube.ide.mcu.externaltools.gnu-tools-for-stm32.10.3-2021.10.win32_1.0.0.202111181127/tools/bin/../lib/gcc/arm-none-eabi/10.3.1/../../../../arm-none-eabi/lib/thumb/v7e-m+fp/hard\libstdc++_nano.a(del_ops.o) (operator delete(void*))
c:/st/stm32cubeide_1.10.1/stm32cubeide/plugins/com.st.stm32cube.ide.mcu.externaltools.gnu-tools-for-stm32.10.3-2021.10.win32_1.0.0.202111181127/tools/bin/../lib/gcc/arm-none-eabi/10.3.1/../../../../arm-none-eabi/lib/thumb/v7e-m+fp/hard\libc_nano.a(lib_a-atoi.o)
                              ./Core/Src/W5500_C/httpClient.o (atoi)
c:/st/stm32cubeide_1.10.1/stm32cubeide/plugins/com.st.stm32cube.ide.mcu.externaltools.gnu-tools-for-stm32.10.3-2021.10.win32_1.0.0.202111181127/tools/bin/../lib/gcc/arm-none-eabi/10.3.1/../../../../arm-none-eabi/lib/thumb/v7e-m+fp/hard\libc_nano.a(lib_a-errno.o)
                              ./Core/Src/syscalls.o (__errno)
c:/st/stm32cubeide_1.10.1/stm32cubeide/plugins/com.st.stm32cube.ide.mcu.externaltools.gnu-tools-for-stm32.10.3-2021.10.win32_1.0.0.202111181127/tools/bin/../lib/gcc/arm-none-eabi/10.3.1/../../../../arm-none-eabi/lib/thumb/v7e-m+fp/hard\libc_nano.a(lib_a-exit.o)
                              c:/st/stm32cubeide_1.10.1/stm32cubeide/plugins/com.st.stm32cube.ide.mcu.externaltools.gnu-tools-for-stm32.10.3-2021.10.win32_1.0.0.202111181127/tools/bin/../lib/gcc/arm-none-eabi/10.3.1/../../../../arm-none-eabi/lib/thumb/v7e-m+fp/hard/crt0.o (exit)
c:/st/stm32cubeide_1.10.1/stm32cubeide/plugins/com.st.stm32cube.ide.mcu.externaltools.gnu-tools-for-stm32.10.3-2021.10.win32_1.0.0.202111181127/tools/bin/../lib/gcc/arm-none-eabi/10.3.1/../../../../arm-none-eabi/lib/thumb/v7e-m+fp/hard\libc_nano.a(lib_a-impure.o)
                              c:/st/stm32cubeide_1.10.1/stm32cubeide/plugins/com.st.stm32cube.ide.mcu.externaltools.gnu-tools-for-stm32.10.3-2021.10.win32_1.0.0.202111181127/tools/bin/../lib/gcc/arm-none-eabi/10.3.1/../../../../arm-none-eabi/lib/thumb/v7e-m+fp/hard\libc_nano.a(lib_a-exit.o) (_global_impure_ptr)
c:/st/stm32cubeide_1.10.1/stm32cubeide/plugins/com.st.stm32cube.ide.mcu.externaltools.gnu-tools-for-stm32.10.3-2021.10.win32_1.0.0.202111181127/tools/bin/../lib/gcc/arm-none-eabi/10.3.1/../../../../arm-none-eabi/lib/thumb/v7e-m+fp/hard\libc_nano.a(lib_a-init.o)
                              c:/st/stm32cubeide_1.10.1/stm32cubeide/plugins/com.st.stm32cube.ide.mcu.externaltools.gnu-tools-for-stm32.10.3-2021.10.win32_1.0.0.202111181127/tools/bin/../lib/gcc/arm-none-eabi/10.3.1/../../../../arm-none-eabi/lib/thumb/v7e-m+fp/hard/crt0.o (__libc_init_array)
c:/st/stm32cubeide_1.10.1/stm32cubeide/plugins/com.st.stm32cube.ide.mcu.externaltools.gnu-tools-for-stm32.10.3-2021.10.win32_1.0.0.202111181127/tools/bin/../lib/gcc/arm-none-eabi/10.3.1/../../../../arm-none-eabi/lib/thumb/v7e-m+fp/hard\libc_nano.a(lib_a-malloc.o)
                              c:/st/stm32cubeide_1.10.1/stm32cubeide/plugins/com.st.stm32cube.ide.mcu.externaltools.gnu-tools-for-stm32.10.3-2021.10.win32_1.0.0.202111181127/tools/bin/../lib/gcc/arm-none-eabi/10.3.1/../../../../arm-none-eabi/lib/thumb/v7e-m+fp/hard\libstdc++_nano.a(del_op.o) (free)
c:/st/stm32cubeide_1.10.1/stm32cubeide/plugins/com.st.stm32cube.ide.mcu.externaltools.gnu-tools-for-stm32.10.3-2021.10.win32_1.0.0.202111181127/tools/bin/../lib/gcc/arm-none-eabi/10.3.1/../../../../arm-none-eabi/lib/thumb/v7e-m+fp/hard\libc_nano.a(lib_a-memcpy-stub.o)
                              ./Core/srccpp/Modbus/Modbusrtu.o (memcpy)
c:/st/stm32cubeide_1.10.1/stm32cubeide/plugins/com.st.stm32cube.ide.mcu.externaltools.gnu-tools-for-stm32.10.3-2021.10.win32_1.0.0.202111181127/tools/bin/../lib/gcc/arm-none-eabi/10.3.1/../../../../arm-none-eabi/lib/thumb/v7e-m+fp/hard\libc_nano.a(lib_a-memset.o)
                              c:/st/stm32cubeide_1.10.1/stm32cubeide/plugins/com.st.stm32cube.ide.mcu.externaltools.gnu-tools-for-stm32.10.3-2021.10.win32_1.0.0.202111181127/tools/bin/../lib/gcc/arm-none-eabi/10.3.1/../../../../arm-none-eabi/lib/thumb/v7e-m+fp/hard/crt0.o (memset)
[...]
Memory Configuration

Name             Origin             Length             Attributes
RAM              0x0000000020000000 0x0000000000010000 xrw
RAM2             0x0000000010000000 0x0000000000004000 xrw
FLASH            0x0000000008000000 0x0000000000040000 xr
*default*        0x0000000000000000 0xffffffffffffffff

Linker script and memory map

LOAD c:/st/stm32cubeide_1.10.1/stm32cubeide/plugins/com.st.stm32cube.ide.mcu.externaltools.gnu-tools-for-stm32.10.3-2021.10.win32_1.0.0.202111181127/tools/bin/../lib/gcc/arm-none-eabi/10.3.1/thumb/v7e-m+fp/hard/crti.o
LOAD c:/st/stm32cubeide_1.10.1/stm32cubeide/plugins/com.st.stm32cube.ide.mcu.externaltools.gnu-tools-for-stm32.10.3-2021.10.win32_1.0.0.202111181127/tools/bin/../lib/gcc/arm-none-eabi/10.3.1/thumb/v7e-m+fp/hard/crtbegin.o
LOAD c:/st/stm32cubeide_1.10.1/stm32cubeide/plugins/com.st.stm32cube.ide.mcu.externaltools.gnu-tools-for-stm32.10.3-2021.10.win32_1.0.0.202111181127/tools/bin/../lib/gcc/arm-none-eabi/10.3.1/../../../../arm-none-eabi/lib/thumb/v7e-m+fp/hard/crt0.o
LOAD ./Core/Src/ESP8266/esp8266.o
LOAD ./Core/Src/ESP8266/esp8266_rx.o
LOAD ./Core/Src/GLCD_clib.o
LOAD ./Core/Src/TimerIntHandler.o
LOAD ./Core/Src/UARTTxRxHandle.o
LOAD ./Core/Src/main.o
LOAD ./Core/Src/stm32l4xx_hal_msp.o
LOAD ./Core/Src/stm32l4xx_it.o
LOAD ./Core/Src/syscalls.o
LOAD ./Core/Src/sysmem.o
LOAD ./Core/Src/system_stm32l4xx.o
LOAD ./Core/Src/Internet/DHCP/dhcp.o
LOAD ./Core/Src/Internet/DNS/dns.o
LOAD ./Core/Src/RTC/ds1307.o
LOAD ./Core/Src/W25Q64/w25qxx.o
LOAD ./Core/Src/W5500_C/W5500/w5500.o
LOAD ./Core/Src/W5500_C/httpClient.o
LOAD ./Core/Src/W5500_C/socket.o
LOAD ./Core/Src/W5500_C/w5500_spi.o
LOAD ./Core/Src/W5500_C/wizchip_conf.o
LOAD ./Core/Startup/startup_stm32l433rctx.o
LOAD ./Core/srccpp/BussinessLogic/ApplicationSW.o
LOAD ./Core/srccpp/Common/common.o
LOAD ./Core/srccpp/DisplayCPP/DisplayRoutine.o
LOAD ./Core/srccpp/DisplayCPP/GLCD.o
LOAD ./Core/srccpp/Ethernet/W5500.o
LOAD ./Core/srccpp/Modbus/Modbusrtu.o
LOAD ./Core/srccpp/OfflineStorage/OfflineStorage.o
LOAD ./Core/srccpp/Shift/SHIFT.o
LOAD ./Core/srccpp/WifiEsp8266/ESP8266.o
LOAD ./Core/srccpp/main.o
LOAD ./Drivers/STM32L4xx_HAL_Driver/Src/stm32l4xx_hal.o
LOAD ./Drivers/STM32L4xx_HAL_Driver/Src/stm32l4xx_hal_cortex.o
LOAD ./Drivers/STM32L4xx_HAL_Driver/Src/stm32l4xx_hal_dma.o
LOAD ./Drivers/STM32L4xx_HAL_Driver/Src/stm32l4xx_hal_dma_ex.o
LOAD ./Drivers/STM32L4xx_HAL_Driver/Src/stm32l4xx_hal_exti.o
LOAD ./Drivers/STM32L4xx_HAL_Driver/Src/stm32l4xx_hal_flash.o
LOAD ./Drivers/STM32L4xx_HAL_Driver/Src/stm32l4xx_hal_flash_ex.o
LOAD ./Drivers/STM32L4xx_HAL_Driver/Src/stm32l4xx_hal_flash_ramfunc.o
LOAD ./Drivers/STM32L4xx_HAL_Driver/Src/stm32l4xx_hal_gpio.o
LOAD ./Drivers/STM32L4xx_HAL_Driver/Src/stm32l4xx_hal_i2c.o
LOAD ./Drivers/STM32L4xx_HAL_Driver/Src/stm32l4xx_hal_i2c_ex.o
LOAD ./Drivers/STM32L4xx_HAL_Driver/Src/stm32l4xx_hal_pwr.o
LOAD ./Drivers/STM32L4xx_HAL_Driver/Src/stm32l4xx_hal_pwr_ex.o
LOAD ./Drivers/STM32L4xx_HAL_Driver/Src/stm32l4xx_hal_rcc.o
LOAD ./Drivers/STM32L4xx_HAL_Driver/Src/stm32l4xx_hal_rcc_ex.o
LOAD ./Drivers/STM32L4xx_HAL_Driver/Src/stm32l4xx_hal_spi.o
LOAD ./Drivers/STM32L4xx_HAL_Driver/Src/stm32l4xx_hal_spi_ex.o
LOAD ./Drivers/STM32L4xx_HAL_Driver/Src/stm32l4xx_hal_tim.o
LOAD ./Drivers/STM32L4xx_HAL_Driver/Src/stm32l4xx_hal_tim_ex.o
LOAD ./Drivers/STM32L4xx_HAL_Driver/Src/stm32l4xx_hal_uart.o
LOAD ./Drivers/STM32L4xx_HAL_Driver/Src/stm32l4xx_hal_uart_ex.o
START GROUP
LOAD c:/st/stm32cubeide_1.10.1/stm32cubeide/plugins/com.st.stm32cube.ide.mcu.externaltools.gnu-tools-for-stm32.10.3-2021.10.win32_1.0.0.202111181127/tools/bin/../lib/gcc/arm-none-eabi/10.3.1/../../../../arm-none-eabi/lib/thumb/v7e-m+fp/hard\libstdc++_nano.a
LOAD c:/st/stm32cubeide_1.10.1/stm32cubeide/plugins/com.st.stm32cube.ide.mcu.externaltools.gnu-tools-for-stm32.10.3-2021.10.win32_1.0.0.202111181127/tools/bin/../lib/gcc/arm-none-eabi/10.3.1/../../../../arm-none-eabi/lib/thumb/v7e-m+fp/hard\libsupc++_nano.a
END GROUP
LOAD c:/st/stm32cubeide_1.10.1/stm32cubeide/plugins/com.st.stm32cube.ide.mcu.externaltools.gnu-tools-for-stm32.10.3-2021.10.win32_1.0.0.202111181127/tools/bin/../lib/gcc/arm-none-eabi/10.3.1/../../../../arm-none-eabi/lib/thumb/v7e-m+fp/hard\libstdc++_nano.a
LOAD c:/st/stm32cubeide_1.10.1/stm32cubeide/plugins/com.st.stm32cube.ide.mcu.externaltools.gnu-tools-for-stm32.10.3-2021.10.win32_1.0.0.202111181127/tools/bin/../lib/gcc/arm-none-eabi/10.3.1/../../../../arm-none-eabi/lib/thumb/v7e-m+fp/hard\libm.a
LOAD c:/st/stm32cubeide_1.10.1/stm32cubeide/plugins/com.st.stm32cube.ide.mcu.externaltools.gnu-tools-for-stm32.10.3-2021.10.win32_1.0.0.202111181127/tools/bin/../lib/gcc/arm-none-eabi/10.3.1/../../../../arm-none-eabi/lib/thumb/v7e-m+fp/hard\libc_nano.a
START GROUP
LOAD c:/st/stm32cubeide_1.10.1/stm32cubeide/plugins/com.st.stm32cube.ide.mcu.externaltools.gnu-tools-for-stm32.10.3-2021.10.win32_1.0.0.202111181127/tools/bin/../lib/gcc/arm-none-eabi/10.3.1/thumb/v7e-m+fp/hard\libgcc.a
LOAD c:/st/stm32cubeide_1.10.1/stm32cubeide/plugins/com.st.stm32cube.ide.mcu.externaltools.gnu-tools-for-stm32.10.3-2021.10.win32_1.0.0.202111181127/tools/bin/../lib/gcc/arm-none-eabi/10.3.1/../../../../arm-none-eabi/lib/thumb/v7e-m+fp/hard\libc_nano.a
END GROUP
START GROUP
LOAD c:/st/stm32cubeide_1.10.1/stm32cubeide/plugins/com.st.stm32cube.ide.mcu.externaltools.gnu-tools-for-stm32.10.3-2021.10.win32_1.0.0.202111181127/tools/bin/../lib/gcc/arm-none-eabi/10.3.1/thumb/v7e-m+fp/hard\libgcc.a
LOAD c:/st/stm32cubeide_1.10.1/stm32cubeide/plugins/com.st.stm32cube.ide.mcu.externaltools.gnu-tools-for-stm32.10.3-2021.10.win32_1.0.0.202111181127/tools/bin/../lib/gcc/arm-none-eabi/10.3.1/../../../../arm-none-eabi/lib/thumb/v7e-m+fp/hard\libc_nano.a
LOAD c:/st/stm32cubeide_1.10.1/stm32cubeide/plugins/com.st.stm32cube.ide.mcu.externaltools.gnu-tools-for-stm32.10.3-2021.10.win32_1.0.0.202111181127/tools/bin/../lib/gcc/arm-none-eabi/10.3.1/../../../../arm-none-eabi/lib/thumb/v7e-m+fp/hard\libnosys.a
END GROUP
START GROUP
LOAD c:/st/stm32cubeide_1.10.1/stm32cubeide/plugins/com.st.stm32cube.ide.mcu.externaltools.gnu-tools-for-stm32.10.3-2021.10.win32_1.0.0.202111181127/tools/bin/../lib/gcc/arm-none-eabi/10.3.1/thumb/v7e-m+fp/hard\libgcc.a
LOAD c:/st/stm32cubeide_1.10.1/stm32cubeide/plugins/com.st.stm32cube.ide.mcu.externaltools.gnu-tools-for-stm32.10.3-2021.10.win32_1.0.0.202111181127/tools/bin/../lib/gcc/arm-none-eabi/10.3.1/../../../../arm-none-eabi/lib/thumb/v7e-m+fp/hard\libc_nano.a
LOAD c:/st/stm32cubeide_1.10.1/stm32cubeide/plugins/com.st.stm32cube.ide.mcu.externaltools.gnu-tools-for-stm32.10.3-2021.10.win32_1.0.0.202111181127/tools/bin/../lib/gcc/arm-none-eabi/10.3.1/../../../../arm-none-eabi/lib/thumb/v7e-m+fp/hard\libnosys.a
END GROUP
LOAD c:/st/stm32cubeide_1.10.1/stm32cubeide/plugins/com.st.stm32cube.ide.mcu.externaltools.gnu-tools-for-stm32.10.3-2021.10.win32_1.0.0.202111181127/tools/bin/../lib/gcc/arm-none-eabi/10.3.1/thumb/v7e-m+fp/hard/crtend.o
LOAD c:/st/stm32cubeide_1.10.1/stm32cubeide/plugins/com.st.stm32cube.ide.mcu.externaltools.gnu-tools-for-stm32.10.3-2021.10.win32_1.0.0.202111181127/tools/bin/../lib/gcc/arm-none-eabi/10.3.1/thumb/v7e-m+fp/hard/crtn.o
                0x0000000020010000                _estack = (ORIGIN (RAM) + LENGTH (RAM))
                0x0000000000000200                _Min_Heap_Size = 0x200
                0x0000000000000400                _Min_Stack_Size = 0x400

.isr_vector     0x0000000008000000      0x18c
                0x0000000008000000                . = ALIGN (0x4)
 *(.isr_vector)
 .isr_vector    0x0000000008000000      0x18c ./Core/Startup/startup_stm32l433rctx.o
                0x0000000008000000                g_pfnVectors
                0x000000000800018c                . = ALIGN (0x4)

.text           0x0000000008000190    0x10754
                0x0000000008000190                . = ALIGN (0x4)
 *(.text)
 .text          0x0000000008000190       0x40 c:/st/stm32cubeide_1.10.1/stm32cubeide/plugins/com.st.stm32cube.ide.mcu.externaltools.gnu-tools-for-stm32.10.3-2021.10.win32_1.0.0.202111181127/tools/bin/../lib/gcc/arm-none-eabi/10.3.1/thumb/v7e-m+fp/hard/crtbegin.o
 .text          0x00000000080001d0       0x14 c:/st/stm32cubeide_1.10.1/stm32cubeide/plugins/com.st.stm32cube.ide.mcu.externaltools.gnu-tools-for-stm32.10.3-2021.10.win32_1.0.0.202111181127/tools/bin/../lib/gcc/arm-none-eabi/10.3.1/../../../../arm-none-eabi/lib/thumb/v7e-m+fp/hard\libc_nano.a(lib_a-strcmp.o)
                0x00000000080001d0                strcmp
 *fill*         0x00000000080001e4        0xc 
 .text          0x00000000080001f0       0xa0 c:/st/stm32cubeide_1.10.1/stm32cubeide/plugins/com.st.stm32cube.ide.mcu.externaltools.gnu-tools-for-stm32.10.3-2021.10.win32_1.0.0.202111181127/tools/bin/../lib/gcc/arm-none-eabi/10.3.1/../../../../arm-none-eabi/lib/thumb/v7e-m+fp/hard\libc_nano.a(lib_a-memchr.o)
                0x00000000080001f0                memchr
 .text          0x0000000008000290       0x30 c:/st/stm32cubeide_1.10.1/stm32cubeide/plugins/com.st.stm32cube.ide.mcu.externaltools.gnu-tools-for-stm32.10.3-2021.10.win32_1.0.0.202111181127/tools/bin/../lib/gcc/arm-none-eabi/10.3.1/thumb/v7e-m+fp/hard\libgcc.a(_aeabi_uldivmod.o)
                0x0000000008000290                __aeabi_uldivmod
 .text          0x00000000080002c0      0x2d0 c:/st/stm32cubeide_1.10.1/stm32cubeide/plugins/com.st.stm32cube.ide.mcu.externaltools.gnu-tools-for-stm32.10.3-2021.10.win32_1.0.0.202111181127/tools/bin/../lib/gcc/arm-none-eabi/10.3.1/thumb/v7e-m+fp/hard\libgcc.a(_udivmoddi4.o)
                0x00000000080002c0                __udivmoddi4
 .text          0x0000000008000590        0x4 c:/st/stm32cubeide_1.10.1/stm32cubeide/plugins/com.st.stm32cube.ide.mcu.externaltools.gnu-tools-for-stm32.10.3-2021.10.win32_1.0.0.202111181127/tools/bin/../lib/gcc/arm-none-eabi/10.3.1/thumb/v7e-m+fp/hard\libgcc.a(_dvmd_tls.o)
                0x0000000008000590                __aeabi_idiv0
                0x0000000008000590                __aeabi_ldiv0
 *(.text*)
 .text.HAL_TIM_PeriodElapsedCallback
                0x0000000008000594       0x94 ./Core/Src/TimerIntHandler.o
                0x0000000008000594                HAL_TIM_PeriodElapsedCallback
 .text.HAL_UART_RxCpltCallback
                0x0000000008000628      0x278 ./Core/Src/UARTTxRxHandle.o
                0x0000000008000628                HAL_UART_RxCpltCallback
 .text.main     0x00000000080008a0       0x90 ./Core/Src/main.o
                0x00000000080008a0                main
 .text.SystemClock_Config
                0x0000000008000930       0xa4 ./Core/Src/main.o
                0x0000000008000930                SystemClock_Config
 .text.MX_I2C1_Init
                0x00000000080009d4       0x80 ./Core/Src/main.o
 .text.MX_LPUART1_UART_Init
                0x0000000008000a54       0x58 ./Core/Src/main.o
 .text.MX_USART1_UART_Init
                0x0000000008000aac       0x60 ./Core/Src/main.o
 .text.MX_USART2_UART_Init
                0x0000000008000b0c       0x60 ./Core/Src/main.o
 .text.MX_SPI1_Init
                0x0000000008000b6c       0x90 ./Core/Src/main.o
 .text.MX_SPI2_Init
                0x0000000008000bfc       0x90 ./Core/Src/main.o
 .text.MX_TIM1_Init
                0x0000000008000c8c       0xa8 ./Core/Src/main.o
 .text.MX_TIM6_Init
                0x0000000008000d34       0x6c ./Core/Src/main.o
 .text.MX_TIM7_Init
                0x0000000008000da0       0x70 ./Core/Src/main.o
 .text.MX_GPIO_Init
                0x0000000008000e10      0x1e4 ./Core/Src/main.o
 .text.Error_Handler
                0x0000000008000ff4        0xa ./Core/Src/main.o
                0x0000000008000ff4                Error_Handler
 *fill*         0x0000000008000ffe        0x2 
 .text.HAL_MspInit
                0x0000000008001000       0x48 ./Core/Src/stm32l4xx_hal_msp.o
                0x0000000008001000                HAL_MspInit
 .text.HAL_I2C_MspInit
                0x0000000008001048       0xb8 ./Core/Src/stm32l4xx_hal_msp.o
                0x0000000008001048                HAL_I2C_MspInit
 .text.HAL_UART_MspInit
                0x0000000008001100      0x1fc ./Core/Src/stm32l4xx_hal_msp.o
                0x0000000008001100                HAL_UART_MspInit
 .text.HAL_SPI_MspInit
                0x00000000080012fc       0xec ./Core/Src/stm32l4xx_hal_msp.o
                0x00000000080012fc                HAL_SPI_MspInit
 .text.HAL_TIM_Base_MspInit
                0x00000000080013e8       0xac ./Core/Src/stm32l4xx_hal_msp.o
                0x00000000080013e8                HAL_TIM_Base_MspInit
 .text.NMI_Handler
                0x0000000008001494        0x6 ./Core/Src/stm32l4xx_it.o
                0x0000000008001494                NMI_Handler
 .text.HardFault_Handler
                0x000000000800149a        0x6 ./Core/Src/stm32l4xx_it.o
                0x000000000800149a                HardFault_Handler
 .text.MemManage_Handler
                0x00000000080014a0        0x6 ./Core/Src/stm32l4xx_it.o
                0x00000000080014a0                MemManage_Handler
 .text.BusFault_Handler
                0x00000000080014a6        0x6 ./Core/Src/stm32l4xx_it.o
                0x00000000080014a6                BusFault_Handler
 .text.UsageFault_Handler
                0x00000000080014ac        0x6 ./Core/Src/stm32l4xx_it.o
                0x00000000080014ac                UsageFault_Handler
 .text.SVC_Handler
                0x00000000080014b2        0xe ./Core/Src/stm32l4xx_it.o
                0x00000000080014b2                SVC_Handler
 .text.DebugMon_Handler
                0x00000000080014c0        0xe ./Core/Src/stm32l4xx_it.o
                0x00000000080014c0                DebugMon_Handler
 .text.PendSV_Handler
                0x00000000080014ce        0xe ./Core/Src/stm32l4xx_it.o
                0x00000000080014ce                PendSV_Handler
 .text.SysTick_Handler
                0x00000000080014dc        0xc ./Core/Src/stm32l4xx_it.o
                0x00000000080014dc                SysTick_Handler
 .text.USART1_IRQHandler
                0x00000000080014e8       0x14 ./Core/Src/stm32l4xx_it.o
                0x00000000080014e8                USART1_IRQHandler
 .text.USART2_IRQHandler
                0x00000000080014fc       0x14 ./Core/Src/stm32l4xx_it.o
                0x00000000080014fc                USART2_IRQHandler
 .text.TIM6_DAC_IRQHandler
                0x0000000008001510       0x14 ./Core/Src/stm32l4xx_it.o
                0x0000000008001510                TIM6_DAC_IRQHandler
 .text.TIM7_IRQHandler
                0x0000000008001524       0x14 ./Core/Src/stm32l4xx_it.o
                0x0000000008001524                TIM7_IRQHandler
 .text.LPUART1_IRQHandler
                0x0000000008001538       0x14 ./Core/Src/stm32l4xx_it.o
                0x0000000008001538                LPUART1_IRQHandler
 .text._getpid  0x000000000800154c       0x10 ./Core/Src/syscalls.o
                0x000000000800154c                _getpid
 .text._kill    0x000000000800155c       0x20 ./Core/Src/syscalls.o
                0x000000000800155c                _kill
 .text._exit    0x000000000800157c       0x14 ./Core/Src/syscalls.o
                0x000000000800157c                _exit
 .text._read    0x0000000008001590       0x3a ./Core/Src/syscalls.o
                0x0000000008001590                _read
 .text._write   0x00000000080015ca       0x38 ./Core/Src/syscalls.o
                0x00000000080015ca                _write
 .text._close   0x0000000008001602       0x18 ./Core/Src/syscalls.o
                0x0000000008001602                _close
 .text._fstat   0x000000000800161a       0x20 ./Core/Src/syscalls.o
                0x000000000800161a                _fstat
 .text._isatty  0x000000000800163a       0x16 ./Core/Src/syscalls.o
                0x000000000800163a                _isatty
 .text._lseek   0x0000000008001650       0x1a ./Core/Src/syscalls.o
                0x0000000008001650                _lseek
 *fill*         0x000000000800166a        0x2 
 .text._sbrk    0x000000000800166c       0x6c ./Core/Src/sysmem.o
                0x000000000800166c                _sbrk
 .text.SystemInit
                0x00000000080016d8       0x24 ./Core/Src/system_stm32l4xx.o
                0x00000000080016d8                SystemInit
 .text.DHCP_time_handler
                0x00000000080016fc       0x1c ./Core/Src/Internet/DHCP/dhcp.o
                0x00000000080016fc                DHCP_time_handler
 .text.W25qxx_Spi
                0x0000000008001718       0x2c ./Core/Src/W25Q64/w25qxx.o
                0x0000000008001718                W25qxx_Spi
 .text.W25qxx_ReadID
                0x0000000008001744       0x6c ./Core/Src/W25Q64/w25qxx.o
                0x0000000008001744                W25qxx_ReadID
 .text.W25qxx_ReadUniqID
                0x00000000080017b0       0x6c ./Core/Src/W25Q64/w25qxx.o
                0x00000000080017b0                W25qxx_ReadUniqID
 .text.W25qxx_WriteEnable
                0x000000000800181c       0x2c ./Core/Src/W25Q64/w25qxx.o
                0x000000000800181c                W25qxx_WriteEnable
 .text.W25qxx_ReadStatusRegister
                0x0000000008001848       0x8c ./Core/Src/W25Q64/w25qxx.o
                0x0000000008001848                W25qxx_ReadStatusRegister
 .text.W25qxx_WaitForWriteEnd
                0x00000000080018d4       0x54 ./Core/Src/W25Q64/w25qxx.o
                0x00000000080018d4                W25qxx_WaitForWriteEnd
 .text.W25qxx_Init
                0x0000000008001928      0x1a4 ./Core/Src/W25Q64/w25qxx.o
                0x0000000008001928                W25qxx_Init
 .text.W25qxx_EraseSector
                0x0000000008001acc       0xb0 ./Core/Src/W25Q64/w25qxx.o
                0x0000000008001acc                W25qxx_EraseSector
 .text.W25qxx_SectorToPage
                0x0000000008001b7c       0x2c ./Core/Src/W25Q64/w25qxx.o
                0x0000000008001b7c                W25qxx_SectorToPage
 .text.W25qxx_WritePage
                0x0000000008001ba8      0x108 ./Core/Src/W25Q64/w25qxx.o
                0x0000000008001ba8                W25qxx_WritePage
 .text.W25qxx_WriteSector
                0x0000000008001cb0       0xc4 ./Core/Src/W25Q64/w25qxx.o
                0x0000000008001cb0                W25qxx_WriteSector
 .text.W25qxx_ReadPage
                0x0000000008001d74       0xfc ./Core/Src/W25Q64/w25qxx.o
                0x0000000008001d74                W25qxx_ReadPage
 .text.W25qxx_ReadSector
                0x0000000008001e70       0xc4 ./Core/Src/W25Q64/w25qxx.o
                0x0000000008001e70                W25qxx_ReadSector
 .text.WIZCHIP_READ
                0x0000000008001f34       0x98 ./Core/Src/W5500_C/W5500/w5500.o
                0x0000000008001f34                WIZCHIP_READ
 .text.WIZCHIP_WRITE
                0x0000000008001fcc       0x9c ./Core/Src/W5500_C/W5500/w5500.o
                0x0000000008001fcc                WIZCHIP_WRITE
 .text.WIZCHIP_READ_BUF
                0x0000000008002068       0xc0 ./Core/Src/W5500_C/W5500/w5500.o
                0x0000000008002068                WIZCHIP_READ_BUF
 .text.WIZCHIP_WRITE_BUF
                0x0000000008002128       0xc0 ./Core/Src/W5500_C/W5500/w5500.o
                0x0000000008002128                WIZCHIP_WRITE_BUF
 .text.getSn_TX_FSR
                0x00000000080021e8       0x96 ./Core/Src/W5500_C/W5500/w5500.o
                0x00000000080021e8                getSn_TX_FSR
 .text.getSn_RX_RSR
                0x000000000800227e       0x96 ./Core/Src/W5500_C/W5500/w5500.o
                0x000000000800227e                getSn_RX_RSR
 .text.wiz_send_data
                0x0000000008002314       0xb8 ./Core/Src/W5500_C/W5500/w5500.o
                0x0000000008002314                wiz_send_data
 .text.wiz_recv_data
                0x00000000080023cc       0xb8 ./Core/Src/W5500_C/W5500/w5500.o
                0x00000000080023cc                wiz_recv_data
 .text.httpc_init
                0x0000000008002484       0x7c ./Core/Src/W5500_C/httpClient.o
                0x0000000008002484                httpc_init
 .text.httpc_connection_handler
                0x0000000008002500      0x164 ./Core/Src/W5500_C/httpClient.o
                0x0000000008002500                httpc_connection_handler
 .text.httpc_connect
                0x0000000008002664       0x58 ./Core/Src/W5500_C/httpClient.o
                0x0000000008002664                httpc_connect
 .text.httpc_send
                0x00000000080026bc      0x190 ./Core/Src/W5500_C/httpClient.o
                0x00000000080026bc                httpc_send
 .text.get_httpc_any_port
                0x000000000800284c       0x7c ./Core/Src/W5500_C/httpClient.o
                0x000000000800284c                get_httpc_any_port
 .text.receivehttpcheck
                0x00000000080028c8      0x340 ./Core/Src/W5500_C/httpClient.o
                0x00000000080028c8                receivehttpcheck
 .text.get_index
                0x0000000008002c08       0x32 ./Core/Src/W5500_C/httpClient.o
                0x0000000008002c08                get_index
 .text.getSubstring
                0x0000000008002c3a       0x92 ./Core/Src/W5500_C/httpClient.o
                0x0000000008002c3a                getSubstring
 .text.socket   0x0000000008002ccc      0x22c ./Core/Src/W5500_C/socket.o
                0x0000000008002ccc                socket
 .text.close    0x0000000008002ef8       0xdc ./Core/Src/W5500_C/socket.o
                0x0000000008002ef8                close
 .text.connect  0x0000000008002fd4      0x1b8 ./Core/Src/W5500_C/socket.o
                0x0000000008002fd4                connect
 .text.disconnect
                0x000000000800318c       0xec ./Core/Src/W5500_C/socket.o
                0x000000000800318c                disconnect
 .text.send     0x0000000008003278      0x1f4 ./Core/Src/W5500_C/socket.o
                0x0000000008003278                send
 .text.recv     0x000000000800346c      0x16c ./Core/Src/W5500_C/socket.o
                0x000000000800346c                recv
 .text.wizchip_select
                0x00000000080035d8       0x18 ./Core/Src/W5500_C/w5500_spi.o
                0x00000000080035d8                wizchip_select
 .text.wizchip_deselect
                0x00000000080035f0       0x18 ./Core/Src/W5500_C/w5500_spi.o
                0x00000000080035f0                wizchip_deselect
 .text.W5500_Spi
                0x0000000008003608       0x2c ./Core/Src/W5500_C/w5500_spi.o
                0x0000000008003608                W5500_Spi
 .text.wiz5500Init
                0x0000000008003634      0x138 ./Core/Src/W5500_C/w5500_spi.o
                0x0000000008003634                wiz5500Init
 .text.initializeHttp
                0x000000000800376c       0x54 ./Core/Src/W5500_C/w5500_spi.o
                0x000000000800376c                initializeHttp
 .text.ethernetHTTPRoutine
                0x00000000080037c0       0xd8 ./Core/Src/W5500_C/w5500_spi.o
                0x00000000080037c0                ethernetHTTPRoutine
 .text.wizchip_cris_enter
                0x0000000008003898        0xe ./Core/Src/W5500_C/wizchip_conf.o
                0x0000000008003898                wizchip_cris_enter
 .text.wizchip_cris_exit
                0x00000000080038a6        0xe ./Core/Src/W5500_C/wizchip_conf.o
                0x00000000080038a6                wizchip_cris_exit
 .text.wizchip_cs_select
                0x00000000080038b4        0xe ./Core/Src/W5500_C/wizchip_conf.o
                0x00000000080038b4                wizchip_cs_select
 .text.wizchip_cs_deselect
                0x00000000080038c2        0xe ./Core/Src/W5500_C/wizchip_conf.o
                0x00000000080038c2                wizchip_cs_deselect
 .text.wizchip_bus_readdata
                0x00000000080038d0       0x1a ./Core/Src/W5500_C/wizchip_conf.o
                0x00000000080038d0                wizchip_bus_readdata
 .text.wizchip_bus_writedata
                0x00000000080038ea       0x1e ./Core/Src/W5500_C/wizchip_conf.o
                0x00000000080038ea                wizchip_bus_writedata
 .text.wizchip_spi_readbyte
                0x0000000008003908       0x10 ./Core/Src/W5500_C/wizchip_conf.o
                0x0000000008003908                wizchip_spi_readbyte
 .text.wizchip_spi_writebyte
                0x0000000008003918       0x16 ./Core/Src/W5500_C/wizchip_conf.o
                0x0000000008003918                wizchip_spi_writebyte
 *fill*         0x000000000800392e        0x2 
 .text.reg_wizchip_cs_cbfunc
                0x0000000008003930       0x4c ./Core/Src/W5500_C/wizchip_conf.o
                0x0000000008003930                reg_wizchip_cs_cbfunc
 .text.reg_wizchip_spi_cbfunc
                0x000000000800397c       0x58 ./Core/Src/W5500_C/wizchip_conf.o
                0x000000000800397c                reg_wizchip_spi_cbfunc
 .text.ctlwizchip
                0x00000000080039d4      0x1c4 ./Core/Src/W5500_C/wizchip_conf.o
                0x00000000080039d4                ctlwizchip
 .text.wizchip_sw_reset
                0x0000000008003b98       0x98 ./Core/Src/W5500_C/wizchip_conf.o
                0x0000000008003b98                wizchip_sw_reset
 .text.wizchip_init
                0x0000000008003c30      0x118 ./Core/Src/W5500_C/wizchip_conf.o
                0x0000000008003c30                wizchip_init
 .text.wizchip_clrinterrupt
                0x0000000008003d48       0x68 ./Core/Src/W5500_C/wizchip_conf.o
                0x0000000008003d48                wizchip_clrinterrupt
 .text.wizchip_getinterrupt
                0x0000000008003db0       0x4a ./Core/Src/W5500_C/wizchip_conf.o
                0x0000000008003db0                wizchip_getinterrupt
 .text.wizchip_setinterruptmask
                0x0000000008003dfa       0x36 ./Core/Src/W5500_C/wizchip_conf.o
                0x0000000008003dfa                wizchip_setinterruptmask
 .text.wizchip_getinterruptmask
                0x0000000008003e30       0x46 ./Core/Src/W5500_C/wizchip_conf.o
                0x0000000008003e30                wizchip_getinterruptmask
 .text.wizphy_getphylink
                0x0000000008003e76       0x2c ./Core/Src/W5500_C/wizchip_conf.o
                0x0000000008003e76                wizphy_getphylink
 .text.wizphy_getphypmode
                0x0000000008003ea2       0x32 ./Core/Src/W5500_C/wizchip_conf.o
                0x0000000008003ea2                wizphy_getphypmode
 .text.wizphy_reset
                0x0000000008003ed4       0x4e ./Core/Src/W5500_C/wizchip_conf.o
                0x0000000008003ed4                wizphy_reset
 .text.wizphy_setphyconf
                0x0000000008003f22       0x84 ./Core/Src/W5500_C/wizchip_conf.o
                0x0000000008003f22                wizphy_setphyconf
 .text.wizphy_getphyconf
                0x0000000008003fa6       0xd2 ./Core/Src/W5500_C/wizchip_conf.o
                0x0000000008003fa6                wizphy_getphyconf
 .text.wizphy_setphypmode
                0x0000000008004078       0x94 ./Core/Src/W5500_C/wizchip_conf.o
                0x0000000008004078                wizphy_setphypmode
 .text.wizchip_setnetinfo
                0x000000000800410c       0x80 ./Core/Src/W5500_C/wizchip_conf.o
                0x000000000800410c                wizchip_setnetinfo
 .text.wizchip_getnetinfo
                0x000000000800418c       0x80 ./Core/Src/W5500_C/wizchip_conf.o
                0x000000000800418c                wizchip_getnetinfo
 .text.Reset_Handler
                0x000000000800420c       0x50 ./Core/Startup/startup_stm32l433rctx.o
                0x000000000800420c                Reset_Handler
 .text.Default_Handler
                0x000000000800425c        0x2 ./Core/Startup/startup_stm32l433rctx.o
                0x000000000800425c                RTC_Alarm_IRQHandler
                0x000000000800425c                EXTI2_IRQHandler
                0x000000000800425c                TIM1_CC_IRQHandler
                0x000000000800425c                TSC_IRQHandler
                0x000000000800425c                TAMP_STAMP_IRQHandler
                0x000000000800425c                EXTI3_IRQHandler
                0x000000000800425c                LPTIM2_IRQHandler
                0x000000000800425c                I2C3_ER_IRQHandler
                0x000000000800425c                EXTI0_IRQHandler
                0x000000000800425c                I2C2_EV_IRQHandler
                0x000000000800425c                CAN1_RX0_IRQHandler
                0x000000000800425c                FPU_IRQHandler
                0x000000000800425c                TIM1_UP_TIM16_IRQHandler
                0x000000000800425c                SPI1_IRQHandler
                0x000000000800425c                DMA2_Channel2_IRQHandler
                0x000000000800425c                DMA1_Channel4_IRQHandler
                0x000000000800425c                ADC1_IRQHandler
                0x000000000800425c                USART3_IRQHandler
                0x000000000800425c                DMA1_Channel7_IRQHandler
                0x000000000800425c                CAN1_RX1_IRQHandler
                0x000000000800425c                LCD_IRQHandler
                0x000000000800425c                DMA2_Channel1_IRQHandler
                0x000000000800425c                QUADSPI_IRQHandler
                0x000000000800425c                I2C1_EV_IRQHandler
                0x000000000800425c                DMA1_Channel6_IRQHandler
                0x000000000800425c                DMA2_Channel4_IRQHandler
                0x000000000800425c                RCC_IRQHandler
                0x000000000800425c                TIM1_TRG_COM_IRQHandler
                0x000000000800425c                DMA1_Channel1_IRQHandler
                0x000000000800425c                Default_Handler
                0x000000000800425c                DMA2_Channel7_IRQHandler
                0x000000000800425c                EXTI15_10_IRQHandler
                0x000000000800425c                SDMMC1_IRQHandler
                0x000000000800425c                I2C3_EV_IRQHandler
                0x000000000800425c                USB_IRQHandler
                0x000000000800425c                EXTI9_5_IRQHandler
                0x000000000800425c                RTC_WKUP_IRQHandler
                0x000000000800425c                PVD_PVM_IRQHandler
                0x000000000800425c                SPI2_IRQHandler
                0x000000000800425c                CAN1_TX_IRQHandler
                0x000000000800425c                DMA2_Channel5_IRQHandler
                0x000000000800425c                CRS_IRQHandler
                0x000000000800425c                DMA1_Channel5_IRQHandler
                0x000000000800425c                EXTI4_IRQHandler
                0x000000000800425c                RNG_IRQHandler
                0x000000000800425c                DMA1_Channel3_IRQHandler
                0x000000000800425c                COMP_IRQHandler
                0x000000000800425c                WWDG_IRQHandler
                0x000000000800425c                DMA2_Channel6_IRQHandler
                0x000000000800425c                TIM2_IRQHandler
                0x000000000800425c                EXTI1_IRQHandler
                0x000000000800425c                I2C2_ER_IRQHandler
                0x000000000800425c                DMA1_Channel2_IRQHandler
                0x000000000800425c                CAN1_SCE_IRQHandler
                0x000000000800425c                FLASH_IRQHandler
                0x000000000800425c                SPI3_IRQHandler
                0x000000000800425c                I2C1_ER_IRQHandler
                0x000000000800425c                SWPMI1_IRQHandler
                0x000000000800425c                LPTIM1_IRQHandler
                0x000000000800425c                SAI1_IRQHandler
                0x000000000800425c                DMA2_Channel3_IRQHandler
                0x000000000800425c                TIM1_BRK_TIM15_IRQHandler
 *fill*         0x000000000800425e        0x2 
 .text._ZN11LoadmeasureC2Ev
                0x0000000008004260       0x20 ./Core/srccpp/BussinessLogic/ApplicationSW.o
                0x0000000008004260                Loadmeasure::Loadmeasure()
                0x0000000008004260                Loadmeasure::Loadmeasure()
 .text._ZN11LoadmeasureD2Ev
                0x0000000008004280       0x20 ./Core/srccpp/BussinessLogic/ApplicationSW.o
                0x0000000008004280                Loadmeasure::~Loadmeasure()
                0x0000000008004280                Loadmeasure::~Loadmeasure()
 .text._ZN11LoadmeasureD0Ev
                0x00000000080042a0       0x20 ./Core/srccpp/BussinessLogic/ApplicationSW.o
                0x00000000080042a0                Loadmeasure::~Loadmeasure()
 .text._ZN11Loadmeasure3runEv
                0x00000000080042c0       0x78 ./Core/srccpp/BussinessLogic/ApplicationSW.o
                0x00000000080042c0                Loadmeasure::run()
 .text._ZN11Loadmeasure17inputBasedTriggerEv
                0x0000000008004338      0x14c ./Core/srccpp/BussinessLogic/ApplicationSW.o
                0x0000000008004338                Loadmeasure::inputBasedTrigger()
 .text._ZN11Loadmeasure23calculationCarbonWeightEv
                0x0000000008004484       0x78 ./Core/srccpp/BussinessLogic/ApplicationSW.o
                0x0000000008004484                Loadmeasure::calculationCarbonWeight()
 .text._ZN11Loadmeasure23calculationSilicaWeightEv
                0x00000000080044fc       0x78 ./Core/srccpp/BussinessLogic/ApplicationSW.o
                0x00000000080044fc                Loadmeasure::calculationSilicaWeight()
 .text._ZN11Loadmeasure27calculationManganeaseWeightEv
                0x0000000008004574       0x80 ./Core/srccpp/BussinessLogic/ApplicationSW.o
                0x0000000008004574                Loadmeasure::calculationManganeaseWeight()
 .text._ZN11Loadmeasure23calculationCopperWeightEv
                0x00000000080045f4       0x80 ./Core/srccpp/BussinessLogic/ApplicationSW.o
                0x00000000080045f4                Loadmeasure::calculationCopperWeight()
 .text._ZN11Loadmeasure20calculationTinWeightEv
                0x0000000008004674       0x84 ./Core/srccpp/BussinessLogic/ApplicationSW.o
                0x0000000008004674                Loadmeasure::calculationTinWeight()
 .text._ZN11Loadmeasure21calculationZincWeightEv
                0x00000000080046f8       0x78 ./Core/srccpp/BussinessLogic/ApplicationSW.o
                0x00000000080046f8                Loadmeasure::calculationZincWeight()
 .text._ZN6commonC2Ev
                0x0000000008004770       0x20 ./Core/srccpp/Common/common.o
                0x0000000008004770                common::common()
                0x0000000008004770                common::common()
 .text._ZN6commonD2Ev
                0x0000000008004790       0x20 ./Core/srccpp/Common/common.o
                0x0000000008004790                common::~common()
                0x0000000008004790                common::~common()
 .text._ZN6commonD0Ev
                0x00000000080047b0       0x20 ./Core/srccpp/Common/common.o
                0x00000000080047b0                common::~common()
 .text._ZN14DisplayRoutineC2Ev
                0x00000000080047d0       0xc4 ./Core/srccpp/DisplayCPP/DisplayRoutine.o
                0x00000000080047d0                DisplayRoutine::DisplayRoutine()
                0x00000000080047d0                DisplayRoutine::DisplayRoutine()
 .text._ZN14DisplayRoutineD2Ev
                0x0000000008004894       0x28 ./Core/srccpp/DisplayCPP/DisplayRoutine.o
                0x0000000008004894                DisplayRoutine::~DisplayRoutine()
                0x0000000008004894                DisplayRoutine::~DisplayRoutine()
 .text._ZN14DisplayRoutineD0Ev
                0x00000000080048bc       0x22 ./Core/srccpp/DisplayCPP/DisplayRoutine.o
                0x00000000080048bc                DisplayRoutine::~DisplayRoutine()
 *fill*         0x00000000080048de        0x2 
 .text._ZN14DisplayRoutine3runEv
                0x00000000080048e0      0x18c ./Core/srccpp/DisplayCPP/DisplayRoutine.o
                0x00000000080048e0                DisplayRoutine::run()
 .text._ZN14DisplayRoutine11value2DigitEhhh
                0x0000000008004a6c       0x84 ./Core/srccpp/DisplayCPP/DisplayRoutine.o
                0x0000000008004a6c                DisplayRoutine::value2Digit(unsigned char, unsigned char, unsigned char)
 .text._ZN14DisplayRoutine11value4DigitEthh
                0x0000000008004af0       0xe8 ./Core/srccpp/DisplayCPP/DisplayRoutine.o
                0x0000000008004af0                DisplayRoutine::value4Digit(unsigned short, unsigned char, unsigned char)
 .text._ZN14DisplayRoutine4InitEv
                0x0000000008004bd8       0x30 ./Core/srccpp/DisplayCPP/DisplayRoutine.o
                0x0000000008004bd8                DisplayRoutine::Init()
 .text._ZN6common26ReadtheValueAssignPinstateEhh
                0x0000000008004c08       0x3e ./Core/srccpp/DisplayCPP/GLCD.o
                0x0000000008004c08                common::ReadtheValueAssignPinstate(unsigned char, unsigned char)
 *fill*         0x0000000008004c46        0x2 
 .text._ZN4GLCDC2Ev
                0x0000000008004c48     0x3ef8 ./Core/srccpp/DisplayCPP/GLCD.o
                0x0000000008004c48                GLCD::GLCD()
                0x0000000008004c48                GLCD::GLCD()
 .text._ZN4GLCDD2Ev
                0x0000000008008b40       0x24 ./Core/srccpp/DisplayCPP/GLCD.o
                0x0000000008008b40                GLCD::~GLCD()
                0x0000000008008b40                GLCD::~GLCD()
 .text._ZN4GLCDD0Ev
                0x0000000008008b64       0x22 ./Core/srccpp/DisplayCPP/GLCD.o
                0x0000000008008b64                GLCD::~GLCD()
 *fill*         0x0000000008008b86        0x2 
 .text._ZN4GLCD9m_ctrloffEv
                0x0000000008008b88       0x54 ./Core/srccpp/DisplayCPP/GLCD.o
                0x0000000008008b88                GLCD::m_ctrloff()
 .text._ZN4GLCD7m_delayEjh
                0x0000000008008bdc       0x42 ./Core/srccpp/DisplayCPP/GLCD.o
                0x0000000008008bdc                GLCD::m_delay(unsigned int, unsigned char)
 *fill*         0x0000000008008c1e        0x2 
 .text._ZN4GLCD16m_IOWritethedataEh
                0x0000000008008c20       0xe4 ./Core/srccpp/DisplayCPP/GLCD.o
                0x0000000008008c20                GLCD::m_IOWritethedata(unsigned char)
 .text._ZN4GLCD11m_displayonEv
                0x0000000008008d04       0x78 ./Core/srccpp/DisplayCPP/GLCD.o
                0x0000000008008d04                GLCD::m_displayon()
 .text._ZN4GLCD11m_setcolumnEh
                0x0000000008008d7c      0x108 ./Core/srccpp/DisplayCPP/GLCD.o
                0x0000000008008d7c                GLCD::m_setcolumn(unsigned char)
 .text._ZN4GLCD9m_setpageEh
                0x0000000008008e84       0x84 ./Core/srccpp/DisplayCPP/GLCD.o
                0x0000000008008e84                GLCD::m_setpage(unsigned char)
 .text._ZN4GLCD14m_setstartlineEh
                0x0000000008008f08       0x84 ./Core/srccpp/DisplayCPP/GLCD.o
                0x0000000008008f08                GLCD::m_setstartline(unsigned char)
 .text._ZN4GLCD9m_lcddataEPht
                0x0000000008008f8c      0x134 ./Core/srccpp/DisplayCPP/GLCD.o
                0x0000000008008f8c                GLCD::m_lcddata(unsigned char*, unsigned short)
 .text._ZN4GLCD10m_lcdputs1EhhPh
                0x00000000080090c0       0x6a ./Core/srccpp/DisplayCPP/GLCD.o
                0x00000000080090c0                GLCD::m_lcdputs1(unsigned char, unsigned char, unsigned char*)
 .text._ZN4GLCD8m_clrlcdEv
                0x000000000800912a       0x56 ./Core/srccpp/DisplayCPP/GLCD.o
                0x000000000800912a                GLCD::m_clrlcd()
 .text._ZN10W5500ClassC2Ev
                0x0000000008009180       0x20 ./Core/srccpp/Ethernet/W5500.o
                0x0000000008009180                W5500Class::W5500Class()
                0x0000000008009180                W5500Class::W5500Class()
 .text._ZN10W5500ClassD2Ev
                0x00000000080091a0       0x20 ./Core/srccpp/Ethernet/W5500.o
                0x00000000080091a0                W5500Class::~W5500Class()
                0x00000000080091a0                W5500Class::~W5500Class()
 .text._ZN10W5500ClassD0Ev
                0x00000000080091c0       0x20 ./Core/srccpp/Ethernet/W5500.o
                0x00000000080091c0                W5500Class::~W5500Class()
 .text._Z41__static_initialization_and_destruction_0ii
                0x00000000080091e0       0x44 ./Core/srccpp/Ethernet/W5500.o
 .text._GLOBAL__sub_I_w5500
                0x0000000008009224       0x10 ./Core/srccpp/Ethernet/W5500.o
 .text._GLOBAL__sub_D_w5500
                0x0000000008009234       0x10 ./Core/srccpp/Ethernet/W5500.o
 .text._ZN9ModbusrtuC2Ev
                0x0000000008009244       0x54 ./Core/srccpp/Modbus/Modbusrtu.o
                0x0000000008009244                Modbusrtu::Modbusrtu()
                0x0000000008009244                Modbusrtu::Modbusrtu()
 .text._ZN9ModbusrtuD2Ev
                0x0000000008009298       0x20 ./Core/srccpp/Modbus/Modbusrtu.o
                0x0000000008009298                Modbusrtu::~Modbusrtu()
                0x0000000008009298                Modbusrtu::~Modbusrtu()
 .text._ZN9ModbusrtuD0Ev
                0x00000000080092b8       0x22 ./Core/srccpp/Modbus/Modbusrtu.o
                0x00000000080092b8                Modbusrtu::~Modbusrtu()
 .text._ZNK9Modbusrtu15getReadInputRegEv
                0x00000000080092da       0x16 ./Core/srccpp/Modbus/Modbusrtu.o
                0x00000000080092da                Modbusrtu::getReadInputReg() const
 .text._ZNK9Modbusrtu15getStartAddressEv
                0x00000000080092f0       0x16 ./Core/srccpp/Modbus/Modbusrtu.o
                0x00000000080092f0                Modbusrtu::getStartAddress() const
 .text._ZNK9Modbusrtu11getNoOfDataEv
                0x0000000008009306       0x16 ./Core/srccpp/Modbus/Modbusrtu.o
                0x0000000008009306                Modbusrtu::getNoOfData() const
 .text._ZN9Modbusrtu21ModbusReadTransactionEv
                0x000000000800931c      0x3cc ./Core/srccpp/Modbus/Modbusrtu.o
                0x000000000800931c                Modbusrtu::ModbusReadTransaction()
 .text.HAL_UART_TxCpltCallback
                0x00000000080096e8       0x24 ./Core/srccpp/Modbus/Modbusrtu.o
                0x00000000080096e8                HAL_UART_TxCpltCallback
 .text._ZN9Modbusrtu11ASCChecksumEPhh
                0x000000000800970c       0x74 ./Core/srccpp/Modbus/Modbusrtu.o
                0x000000000800970c                Modbusrtu::ASCChecksum(unsigned char*, unsigned char)
 .text._ZN9Modbusrtu9dwinFrameEv
                0x0000000008009780      0x15c ./Core/srccpp/Modbus/Modbusrtu.o
                0x0000000008009780                Modbusrtu::dwinFrame()
 .text._ZN9Modbusrtu11dwinDecoderEv
                0x00000000080098dc      0x348 ./Core/srccpp/Modbus/Modbusrtu.o
                0x00000000080098dc                Modbusrtu::dwinDecoder()
 .text._ZN9Modbusrtu13sevenSegFrameEv
                0x0000000008009c24      0x1b4 ./Core/srccpp/Modbus/Modbusrtu.o
                0x0000000008009c24                Modbusrtu::sevenSegFrame()
 .text._ZN14OfflineStorageC2Ev
                0x0000000008009dd8       0x20 ./Core/srccpp/OfflineStorage/OfflineStorage.o
                0x0000000008009dd8                OfflineStorage::OfflineStorage()
                0x0000000008009dd8                OfflineStorage::OfflineStorage()
 .text._ZN14OfflineStorageD2Ev
                0x0000000008009df8       0x20 ./Core/srccpp/OfflineStorage/OfflineStorage.o
                0x0000000008009df8                OfflineStorage::~OfflineStorage()
                0x0000000008009df8                OfflineStorage::~OfflineStorage()
 .text._ZN14OfflineStorageD0Ev
                0x0000000008009e18       0x20 ./Core/srccpp/OfflineStorage/OfflineStorage.o
                0x0000000008009e18                OfflineStorage::~OfflineStorage()
 .text._ZN14OfflineStorage3runEv
                0x0000000008009e38       0x22 ./Core/srccpp/OfflineStorage/OfflineStorage.o
                0x0000000008009e38                OfflineStorage::run()
 *fill*         0x0000000008009e5a        0x2 
 .text._ZN14OfflineStorage14m_writesetdataEv
                0x0000000008009e5c      0x15c ./Core/srccpp/OfflineStorage/OfflineStorage.o
                0x0000000008009e5c                OfflineStorage::m_writesetdata()
 .text._ZN14OfflineStorage22m_writecalculationdataEv
                0x0000000008009fb8      0x134 ./Core/srccpp/OfflineStorage/OfflineStorage.o
                0x0000000008009fb8                OfflineStorage::m_writecalculationdata()
 .text._ZN14OfflineStorage15writeTargetdataEv
                0x000000000800a0ec      0x12c ./Core/srccpp/OfflineStorage/OfflineStorage.o
                0x000000000800a0ec                OfflineStorage::writeTargetdata()
 .text._ZN14OfflineStorage12m_readIPdataEv
                0x000000000800a218      0x11c ./Core/srccpp/OfflineStorage/OfflineStorage.o
                0x000000000800a218                OfflineStorage::m_readIPdata()
 .text._ZN14OfflineStorage13m_readsetdataEv
                0x000000000800a334      0x128 ./Core/srccpp/OfflineStorage/OfflineStorage.o
                0x000000000800a334                OfflineStorage::m_readsetdata()
 .text._ZN14OfflineStorage14readTargetdataEv
                0x000000000800a45c      0x114 ./Core/srccpp/OfflineStorage/OfflineStorage.o
                0x000000000800a45c                OfflineStorage::readTargetdata()
 .text._ZN14OfflineStorage19ReadOfflinedataInitEv
                0x000000000800a570       0x22 ./Core/srccpp/OfflineStorage/OfflineStorage.o
                0x000000000800a570                OfflineStorage::ReadOfflinedataInit()
 *fill*         0x000000000800a592        0x2 
 .text.cppMain  0x000000000800a594       0xf0 ./Core/srccpp/main.o
                0x000000000800a594                cppMain
 .text.HAL_Init
                0x000000000800a684       0x30 ./Drivers/STM32L4xx_HAL_Driver/Src/stm32l4xx_hal.o
                0x000000000800a684                HAL_Init
 .text.HAL_InitTick
                0x000000000800a6b4       0x78 ./Drivers/STM32L4xx_HAL_Driver/Src/stm32l4xx_hal.o
                0x000000000800a6b4                HAL_InitTick
 .text.HAL_IncTick
                0x000000000800a72c       0x28 ./Drivers/STM32L4xx_HAL_Driver/Src/stm32l4xx_hal.o
                0x000000000800a72c                HAL_IncTick
 .text.HAL_GetTick
                0x000000000800a754       0x18 ./Drivers/STM32L4xx_HAL_Driver/Src/stm32l4xx_hal.o
                0x000000000800a754                HAL_GetTick
 .text.HAL_Delay
                0x000000000800a76c       0x48 ./Drivers/STM32L4xx_HAL_Driver/Src/stm32l4xx_hal.o
                0x000000000800a76c                HAL_Delay
 .text.__NVIC_SetPriorityGrouping
                0x000000000800a7b4       0x48 ./Drivers/STM32L4xx_HAL_Driver/Src/stm32l4xx_hal_cortex.o
 .text.__NVIC_GetPriorityGrouping
                0x000000000800a7fc       0x1c ./Drivers/STM32L4xx_HAL_Driver/Src/stm32l4xx_hal_cortex.o
 .text.__NVIC_EnableIRQ
                0x000000000800a818       0x3c ./Drivers/STM32L4xx_HAL_Driver/Src/stm32l4xx_hal_cortex.o
 .text.__NVIC_SetPriority
                0x000000000800a854       0x54 ./Drivers/STM32L4xx_HAL_Driver/Src/stm32l4xx_hal_cortex.o
 .text.NVIC_EncodePriority
                0x000000000800a8a8       0x66 ./Drivers/STM32L4xx_HAL_Driver/Src/stm32l4xx_hal_cortex.o
 *fill*         0x000000000800a90e        0x2 
 .text.SysTick_Config
                0x000000000800a910       0x44 ./Drivers/STM32L4xx_HAL_Driver/Src/stm32l4xx_hal_cortex.o
 .text.HAL_NVIC_SetPriorityGrouping
                0x000000000800a954       0x16 ./Drivers/STM32L4xx_HAL_Driver/Src/stm32l4xx_hal_cortex.o
                0x000000000800a954                HAL_NVIC_SetPriorityGrouping
 .text.HAL_NVIC_SetPriority
                0x000000000800a96a       0x38 ./Drivers/STM32L4xx_HAL_Driver/Src/stm32l4xx_hal_cortex.o
                0x000000000800a96a                HAL_NVIC_SetPriority
 .text.HAL_NVIC_EnableIRQ
                0x000000000800a9a2       0x1c ./Drivers/STM32L4xx_HAL_Driver/Src/stm32l4xx_hal_cortex.o
                0x000000000800a9a2                HAL_NVIC_EnableIRQ
 .text.HAL_SYSTICK_Config
                0x000000000800a9be       0x18 ./Drivers/STM32L4xx_HAL_Driver/Src/stm32l4xx_hal_cortex.o
                0x000000000800a9be                HAL_SYSTICK_Config
 .text.HAL_DMA_Abort
                0x000000000800a9d6       0x7c ./Drivers/STM32L4xx_HAL_Driver/Src/stm32l4xx_hal_dma.o
                0x000000000800a9d6                HAL_DMA_Abort
 .text.HAL_DMA_Abort_IT
                0x000000000800aa52       0x82 ./Drivers/STM32L4xx_HAL_Driver/Src/stm32l4xx_hal_dma.o
                0x000000000800aa52                HAL_DMA_Abort_IT
 .text.HAL_GPIO_Init
                0x000000000800aad4      0x2f4 ./Drivers/STM32L4xx_HAL_Driver/Src/stm32l4xx_hal_gpio.o
                0x000000000800aad4                HAL_GPIO_Init
 .text.HAL_GPIO_ReadPin
                0x000000000800adc8       0x30 ./Drivers/STM32L4xx_HAL_Driver/Src/stm32l4xx_hal_gpio.o
                0x000000000800adc8                HAL_GPIO_ReadPin
 .text.HAL_GPIO_WritePin
                0x000000000800adf8       0x30 ./Drivers/STM32L4xx_HAL_Driver/Src/stm32l4xx_hal_gpio.o
                0x000000000800adf8                HAL_GPIO_WritePin
 .text.HAL_GPIO_TogglePin
                0x000000000800ae28       0x34 ./Drivers/STM32L4xx_HAL_Driver/Src/stm32l4xx_hal_gpio.o
                0x000000000800ae28                HAL_GPIO_TogglePin
 .text.HAL_I2C_Init
                0x000000000800ae5c      0x11e ./Drivers/STM32L4xx_HAL_Driver/Src/stm32l4xx_hal_i2c.o
                0x000000000800ae5c                HAL_I2C_Init
 .text.HAL_I2CEx_ConfigAnalogFilter
                0x000000000800af7a       0x96 ./Drivers/STM32L4xx_HAL_Driver/Src/stm32l4xx_hal_i2c_ex.o
                0x000000000800af7a                HAL_I2CEx_ConfigAnalogFilter
 .text.HAL_I2CEx_ConfigDigitalFilter
                0x000000000800b010       0x98 ./Drivers/STM32L4xx_HAL_Driver/Src/stm32l4xx_hal_i2c_ex.o
                0x000000000800b010                HAL_I2CEx_ConfigDigitalFilter
 .text.HAL_PWREx_GetVoltageRange
                0x000000000800b0a8       0x1c ./Drivers/STM32L4xx_HAL_Driver/Src/stm32l4xx_hal_pwr_ex.o
                0x000000000800b0a8                HAL_PWREx_GetVoltageRange
 .text.HAL_PWREx_ControlVoltageScaling
                0x000000000800b0c4       0xac ./Drivers/STM32L4xx_HAL_Driver/Src/stm32l4xx_hal_pwr_ex.o
                0x000000000800b0c4                HAL_PWREx_ControlVoltageScaling
 .text.HAL_RCC_OscConfig
                0x000000000800b170      0x828 ./Drivers/STM32L4xx_HAL_Driver/Src/stm32l4xx_hal_rcc.o
                0x000000000800b170                HAL_RCC_OscConfig
 .text.HAL_RCC_ClockConfig
                0x000000000800b998      0x200 ./Drivers/STM32L4xx_HAL_Driver/Src/stm32l4xx_hal_rcc.o
                0x000000000800b998                HAL_RCC_ClockConfig
 .text.HAL_RCC_GetSysClockFreq
                0x000000000800bb98      0x118 ./Drivers/STM32L4xx_HAL_Driver/Src/stm32l4xx_hal_rcc.o
                0x000000000800bb98                HAL_RCC_GetSysClockFreq
 .text.HAL_RCC_GetHCLKFreq
                0x000000000800bcb0       0x18 ./Drivers/STM32L4xx_HAL_Driver/Src/stm32l4xx_hal_rcc.o
                0x000000000800bcb0                HAL_RCC_GetHCLKFreq
 .text.HAL_RCC_GetPCLK1Freq
                0x000000000800bcc8       0x2c ./Drivers/STM32L4xx_HAL_Driver/Src/stm32l4xx_hal_rcc.o
                0x000000000800bcc8                HAL_RCC_GetPCLK1Freq
 .text.HAL_RCC_GetPCLK2Freq
                0x000000000800bcf4       0x2c ./Drivers/STM32L4xx_HAL_Driver/Src/stm32l4xx_hal_rcc.o
                0x000000000800bcf4                HAL_RCC_GetPCLK2Freq
 .text.RCC_SetFlashLatencyFromMSIRange
                0x000000000800bd20       0xc0 ./Drivers/STM32L4xx_HAL_Driver/Src/stm32l4xx_hal_rcc.o
 .text.HAL_RCCEx_PeriphCLKConfig
                0x000000000800bde0      0x494 ./Drivers/STM32L4xx_HAL_Driver/Src/stm32l4xx_hal_rcc_ex.o
                0x000000000800bde0                HAL_RCCEx_PeriphCLKConfig
 .text.RCCEx_PLLSAI1_Config
                0x000000000800c274      0x1e4 ./Drivers/STM32L4xx_HAL_Driver/Src/stm32l4xx_hal_rcc_ex.o
 .text.HAL_SPI_Init
                0x000000000800c458      0x146 ./Drivers/STM32L4xx_HAL_Driver/Src/stm32l4xx_hal_spi.o
                0x000000000800c458                HAL_SPI_Init
 .text.HAL_SPI_Transmit
                0x000000000800c59e      0x2dc ./Drivers/STM32L4xx_HAL_Driver/Src/stm32l4xx_hal_spi.o
                0x000000000800c59e                HAL_SPI_Transmit
 .text.HAL_SPI_Receive
                0x000000000800c87a      0x260 ./Drivers/STM32L4xx_HAL_Driver/Src/stm32l4xx_hal_spi.o
                0x000000000800c87a                HAL_SPI_Receive
 .text.HAL_SPI_TransmitReceive
                0x000000000800cada      0x426 ./Drivers/STM32L4xx_HAL_Driver/Src/stm32l4xx_hal_spi.o
                0x000000000800cada                HAL_SPI_TransmitReceive
 .text.SPI_WaitFlagStateUntilTimeout
                0x000000000800cf00      0x110 ./Drivers/STM32L4xx_HAL_Driver/Src/stm32l4xx_hal_spi.o
 .text.SPI_WaitFifoStateUntilTimeout
                0x000000000800d010      0x12c ./Drivers/STM32L4xx_HAL_Driver/Src/stm32l4xx_hal_spi.o
 .text.SPI_EndRxTransaction
                0x000000000800d13c       0xb0 ./Drivers/STM32L4xx_HAL_Driver/Src/stm32l4xx_hal_spi.o
 .text.SPI_EndRxTxTransaction
                0x000000000800d1ec       0x8c ./Drivers/STM32L4xx_HAL_Driver/Src/stm32l4xx_hal_spi.o
 .text.HAL_TIM_Base_Init
                0x000000000800d278       0xae ./Drivers/STM32L4xx_HAL_Driver/Src/stm32l4xx_hal_tim.o
                0x000000000800d278                HAL_TIM_Base_Init
 *fill*         0x000000000800d326        0x2 
 .text.HAL_TIM_Base_Start
                0x000000000800d328       0x98 ./Drivers/STM32L4xx_HAL_Driver/Src/stm32l4xx_hal_tim.o
                0x000000000800d328                HAL_TIM_Base_Start
 .text.HAL_TIM_Base_Start_IT
                0x000000000800d3c0       0xa8 ./Drivers/STM32L4xx_HAL_Driver/Src/stm32l4xx_hal_tim.o
                0x000000000800d3c0                HAL_TIM_Base_Start_IT
 .text.HAL_TIM_IRQHandler
                0x000000000800d468      0x23e ./Drivers/STM32L4xx_HAL_Driver/Src/stm32l4xx_hal_tim.o
                0x000000000800d468                HAL_TIM_IRQHandler
 .text.HAL_TIM_ConfigClockSource
                0x000000000800d6a6      0x192 ./Drivers/STM32L4xx_HAL_Driver/Src/stm32l4xx_hal_tim.o
                0x000000000800d6a6                HAL_TIM_ConfigClockSource
 .text.HAL_TIM_OC_DelayElapsedCallback
                0x000000000800d838       0x14 ./Drivers/STM32L4xx_HAL_Driver/Src/stm32l4xx_hal_tim.o
                0x000000000800d838                HAL_TIM_OC_DelayElapsedCallback
 .text.HAL_TIM_IC_CaptureCallback
                0x000000000800d84c       0x14 ./Drivers/STM32L4xx_HAL_Driver/Src/stm32l4xx_hal_tim.o
                0x000000000800d84c                HAL_TIM_IC_CaptureCallback
 .text.HAL_TIM_PWM_PulseFinishedCallback
                0x000000000800d860       0x14 ./Drivers/STM32L4xx_HAL_Driver/Src/stm32l4xx_hal_tim.o
                0x000000000800d860                HAL_TIM_PWM_PulseFinishedCallback
 .text.HAL_TIM_TriggerCallback
                0x000000000800d874       0x14 ./Drivers/STM32L4xx_HAL_Driver/Src/stm32l4xx_hal_tim.o
                0x000000000800d874                HAL_TIM_TriggerCallback
 .text.TIM_Base_SetConfig
                0x000000000800d888       0xc8 ./Drivers/STM32L4xx_HAL_Driver/Src/stm32l4xx_hal_tim.o
                0x000000000800d888                TIM_Base_SetConfig
 .text.TIM_TI1_ConfigInputStage
                0x000000000800d950       0x5e ./Drivers/STM32L4xx_HAL_Driver/Src/stm32l4xx_hal_tim.o
 .text.TIM_TI2_ConfigInputStage
                0x000000000800d9ae       0x60 ./Drivers/STM32L4xx_HAL_Driver/Src/stm32l4xx_hal_tim.o
 .text.TIM_ITRx_SetConfig
                0x000000000800da0e       0x36 ./Drivers/STM32L4xx_HAL_Driver/Src/stm32l4xx_hal_tim.o
 .text.TIM_ETR_SetConfig
                0x000000000800da44       0x40 ./Drivers/STM32L4xx_HAL_Driver/Src/stm32l4xx_hal_tim.o
                0x000000000800da44                TIM_ETR_SetConfig
 .text.HAL_TIMEx_MasterConfigSynchronization
                0x000000000800da84       0xcc ./Drivers/STM32L4xx_HAL_Driver/Src/stm32l4xx_hal_tim_ex.o
                0x000000000800da84                HAL_TIMEx_MasterConfigSynchronization
 .text.HAL_TIMEx_CommutCallback
                0x000000000800db50       0x14 ./Drivers/STM32L4xx_HAL_Driver/Src/stm32l4xx_hal_tim_ex.o
                0x000000000800db50                HAL_TIMEx_CommutCallback
 .text.HAL_TIMEx_BreakCallback
                0x000000000800db64       0x14 ./Drivers/STM32L4xx_HAL_Driver/Src/stm32l4xx_hal_tim_ex.o
                0x000000000800db64                HAL_TIMEx_BreakCallback
 .text.HAL_TIMEx_Break2Callback
                0x000000000800db78       0x14 ./Drivers/STM32L4xx_HAL_Driver/Src/stm32l4xx_hal_tim_ex.o
                0x000000000800db78                HAL_TIMEx_Break2Callback
 .text.HAL_UART_Init
                0x000000000800db8c       0x9c ./Drivers/STM32L4xx_HAL_Driver/Src/stm32l4xx_hal_uart.o
                0x000000000800db8c                HAL_UART_Init
 .text.HAL_UART_Transmit_IT
                0x000000000800dc28       0xdc ./Drivers/STM32L4xx_HAL_Driver/Src/stm32l4xx_hal_uart.o
                0x000000000800dc28                HAL_UART_Transmit_IT
 .text.HAL_UART_Receive_IT
                0x000000000800dd04       0xac ./Drivers/STM32L4xx_HAL_Driver/Src/stm32l4xx_hal_uart.o
                0x000000000800dd04                HAL_UART_Receive_IT
 .text.HAL_UART_IRQHandler
                0x000000000800ddb0      0x5c4 ./Drivers/STM32L4xx_HAL_Driver/Src/stm32l4xx_hal_uart.o
                0x000000000800ddb0                HAL_UART_IRQHandler
 .text.HAL_UART_ErrorCallback
                0x000000000800e374       0x14 ./Drivers/STM32L4xx_HAL_Driver/Src/stm32l4xx_hal_uart.o
                0x000000000800e374                HAL_UART_ErrorCallback
 .text.HAL_UARTEx_RxEventCallback
                0x000000000800e388       0x18 ./Drivers/STM32L4xx_HAL_Driver/Src/stm32l4xx_hal_uart.o
                0x000000000800e388                HAL_UARTEx_RxEventCallback
 .text.UART_SetConfig
                0x000000000800e3a0      0x4b4 ./Drivers/STM32L4xx_HAL_Driver/Src/stm32l4xx_hal_uart.o
                0x000000000800e3a0                UART_SetConfig
 .text.UART_AdvFeatureConfig
                0x000000000800e854      0x144 ./Drivers/STM32L4xx_HAL_Driver/Src/stm32l4xx_hal_uart.o
                0x000000000800e854                UART_AdvFeatureConfig
 .text.UART_CheckIdleState
                0x000000000800e998       0x92 ./Drivers/STM32L4xx_HAL_Driver/Src/stm32l4xx_hal_uart.o
                0x000000000800e998                UART_CheckIdleState
 .text.UART_WaitOnFlagUntilTimeout
                0x000000000800ea2a      0x188 ./Drivers/STM32L4xx_HAL_Driver/Src/stm32l4xx_hal_uart.o
                0x000000000800ea2a                UART_WaitOnFlagUntilTimeout
 *fill*         0x000000000800ebb2        0x2 
 .text.UART_Start_Receive_IT
                0x000000000800ebb4      0x194 ./Drivers/STM32L4xx_HAL_Driver/Src/stm32l4xx_hal_uart.o
                0x000000000800ebb4                UART_Start_Receive_IT
 .text.UART_EndRxTransfer
                0x000000000800ed48       0xc6 ./Drivers/STM32L4xx_HAL_Driver/Src/stm32l4xx_hal_uart.o
 .text.UART_DMAAbortOnError
                0x000000000800ee0e       0x2c ./Drivers/STM32L4xx_HAL_Driver/Src/stm32l4xx_hal_uart.o
 .text.UART_TxISR_8BIT
                0x000000000800ee3a       0xb8 ./Drivers/STM32L4xx_HAL_Driver/Src/stm32l4xx_hal_uart.o
 .text.UART_TxISR_16BIT
                0x000000000800eef2       0xc0 ./Drivers/STM32L4xx_HAL_Driver/Src/stm32l4xx_hal_uart.o
 .text.UART_EndTransmit_IT
                0x000000000800efb2       0x54 ./Drivers/STM32L4xx_HAL_Driver/Src/stm32l4xx_hal_uart.o
 .text.UART_RxISR_8BIT
                0x000000000800f006      0x160 ./Drivers/STM32L4xx_HAL_Driver/Src/stm32l4xx_hal_uart.o
 .text.UART_RxISR_16BIT
                0x000000000800f166      0x160 ./Drivers/STM32L4xx_HAL_Driver/Src/stm32l4xx_hal_uart.o
 .text.HAL_UARTEx_WakeupCallback
                0x000000000800f2c6       0x14 ./Drivers/STM32L4xx_HAL_Driver/Src/stm32l4xx_hal_uart_ex.o
                0x000000000800f2c6                HAL_UARTEx_WakeupCallback
 .text._ZdlPvj  0x000000000800f2da        0x4 c:/st/stm32cubeide_1.10.1/stm32cubeide/plugins/com.st.stm32cube.ide.mcu.externaltools.gnu-tools-for-stm32.10.3-2021.10.win32_1.0.0.202111181127/tools/bin/../lib/gcc/arm-none-eabi/10.3.1/../../../../arm-none-eabi/lib/thumb/v7e-m+fp/hard\libstdc++_nano.a(del_ops.o)
                0x000000000800f2da                operator delete(void*, unsigned int)
 .text._ZdlPv   0x000000000800f2de        0x4 c:/st/stm32cubeide_1.10.1/stm32cubeide/plugins/com.st.stm32cube.ide.mcu.externaltools.gnu-tools-for-stm32.10.3-2021.10.win32_1.0.0.202111181127/tools/bin/../lib/gcc/arm-none-eabi/10.3.1/../../../../arm-none-eabi/lib/thumb/v7e-m+fp/hard\libstdc++_nano.a(del_op.o)
                0x000000000800f2de                operator delete(void*)
 .text.atoi     0x000000000800f2e2        0x8 c:/st/stm32cubeide_1.10.1/stm32cubeide/plugins/com.st.stm32cube.ide.mcu.externaltools.gnu-tools-for-stm32.10.3-2021.10.win32_1.0.0.202111181127/tools/bin/../lib/gcc/arm-none-eabi/10.3.1/../../../../arm-none-eabi/lib/thumb/v7e-m+fp/hard\libc_nano.a(lib_a-atoi.o)
                0x000000000800f2e2                atoi
 *fill*         0x000000000800f2ea        0x2 
 .text.__errno  0x000000000800f2ec        0xc c:/st/stm32cubeide_1.10.1/stm32cubeide/plugins/com.st.stm32cube.ide.mcu.externaltools.gnu-tools-for-stm32.10.3-2021.10.win32_1.0.0.202111181127/tools/bin/../lib/gcc/arm-none-eabi/10.3.1/../../../../arm-none-eabi/lib/thumb/v7e-m+fp/hard\libc_nano.a(lib_a-errno.o)
                0x000000000800f2ec                __errno
 .text.__libc_init_array
                0x000000000800f2f8       0x48 c:/st/stm32cubeide_1.10.1/stm32cubeide/plugins/com.st.stm32cube.ide.mcu.externaltools.gnu-tools-for-stm32.10.3-2021.10.win32_1.0.0.202111181127/tools/bin/../lib/gcc/arm-none-eabi/10.3.1/../../../../arm-none-eabi/lib/thumb/v7e-m+fp/hard\libc_nano.a(lib_a-init.o)
                0x000000000800f2f8                __libc_init_array
 .text.malloc   0x000000000800f340       0x10 c:/st/stm32cubeide_1.10.1/stm32cubeide/plugins/com.st.stm32cube.ide.mcu.externaltools.gnu-tools-for-stm32.10.3-2021.10.win32_1.0.0.202111181127/tools/bin/../lib/gcc/arm-none-eabi/10.3.1/../../../../arm-none-eabi/lib/thumb/v7e-m+fp/hard\libc_nano.a(lib_a-malloc.o)
                0x000000000800f340                malloc
 .text.free     0x000000000800f350       0x10 c:/st/stm32cubeide_1.10.1/stm32cubeide/plugins/com.st.stm32cube.ide.mcu.externaltools.gnu-tools-for-stm32.10.3-2021.10.win32_1.0.0.202111181127/tools/bin/../lib/gcc/arm-none-eabi/10.3.1/../../../../arm-none-eabi/lib/thumb/v7e-m+fp/hard\libc_nano.a(lib_a-malloc.o)
                0x000000000800f350                free
 .text.memcpy   0x000000000800f360       0x1c c:/st/stm32cubeide_1.10.1/stm32cubeide/plugins/com.st.stm32cube.ide.mcu.externaltools.gnu-tools-for-stm32.10.3-2021.10.win32_1.0.0.202111181127/tools/bin/../lib/gcc/arm-none-eabi/10.3.1/../../../../arm-none-eabi/lib/thumb/v7e-m+fp/hard\libc_nano.a(lib_a-memcpy-stub.o)
                0x000000000800f360                memcpy
 .text.memset   0x000000000800f37c       0x10 c:/st/stm32cubeide_1.10.1/stm32cubeide/plugins/com.st.stm32cube.ide.mcu.externaltools.gnu-tools-for-stm32.10.3-2021.10.win32_1.0.0.202111181127/tools/bin/../lib/gcc/arm-none-eabi/10.3.1/../../../../arm-none-eabi/lib/thumb/v7e-m+fp/hard\libc_nano.a(lib_a-memset.o)
                0x000000000800f37c                memset
 .text._free_r  0x000000000800f38c       0x98 c:/st/stm32cubeide_1.10.1/stm32cubeide/plugins/com.st.stm32cube.ide.mcu.externaltools.gnu-tools-for-stm32.10.3-2021.10.win32_1.0.0.202111181127/tools/bin/../lib/gcc/arm-none-eabi/10.3.1/../../../../arm-none-eabi/lib/thumb/v7e-m+fp/hard\libc_nano.a(lib_a-nano-freer.o)
                0x000000000800f38c                _free_r
 .text.sbrk_aligned
                0x000000000800f424       0x40 c:/st/stm32cubeide_1.10.1/stm32cubeide/plugins/com.st.stm32cube.ide.mcu.externaltools.gnu-tools-for-stm32.10.3-2021.10.win32_1.0.0.202111181127/tools/bin/../lib/gcc/arm-none-eabi/10.3.1/../../../../arm-none-eabi/lib/thumb/v7e-m+fp/hard\libc_nano.a(lib_a-nano-mallocr.o)
 .text._malloc_r
                0x000000000800f464       0xe8 c:/st/stm32cubeide_1.10.1/stm32cubeide/plugins/com.st.stm32cube.ide.mcu.externaltools.gnu-tools-for-stm32.10.3-2021.10.win32_1.0.0.202111181127/tools/bin/../lib/gcc/arm-none-eabi/10.3.1/../../../../arm-none-eabi/lib/thumb/v7e-m+fp/hard\libc_nano.a(lib_a-nano-mallocr.o)
                0x000000000800f464                _malloc_r
 .text.rand     0x000000000800f54c       0x7c c:/st/stm32cubeide_1.10.1/stm32cubeide/plugins/com.st.stm32cube.ide.mcu.externaltools.gnu-tools-for-stm32.10.3-2021.10.win32_1.0.0.202111181127/tools/bin/../lib/gcc/arm-none-eabi/10.3.1/../../../../arm-none-eabi/lib/thumb/v7e-m+fp/hard\libc_nano.a(lib_a-rand.o)
                0x000000000800f54c                rand
 .text._sbrk_r  0x000000000800f5c8       0x20 c:/st/stm32cubeide_1.10.1/stm32cubeide/plugins/com.st.stm32cube.ide.mcu.externaltools.gnu-tools-for-stm32.10.3-2021.10.win32_1.0.0.202111181127/tools/bin/../lib/gcc/arm-none-eabi/10.3.1/../../../../arm-none-eabi/lib/thumb/v7e-m+fp/hard\libc_nano.a(lib_a-sbrkr.o)
                0x000000000800f5c8                _sbrk_r
 .text.sprintf  0x000000000800f5e8       0x40 c:/st/stm32cubeide_1.10.1/stm32cubeide/plugins/com.st.stm32cube.ide.mcu.externaltools.gnu-tools-for-stm32.10.3-2021.10.win32_1.0.0.202111181127/tools/bin/../lib/gcc/arm-none-eabi/10.3.1/../../../../arm-none-eabi/lib/thumb/v7e-m+fp/hard\libc_nano.a(lib_a-sprintf.o)
                0x000000000800f5e8                siprintf
                0x000000000800f5e8                sprintf
 .text.strchr   0x000000000800f628       0x1a c:/st/stm32cubeide_1.10.1/stm32cubeide/plugins/com.st.stm32cube.ide.mcu.externaltools.gnu-tools-for-stm32.10.3-2021.10.win32_1.0.0.202111181127/tools/bin/../lib/gcc/arm-none-eabi/10.3.1/../../../../arm-none-eabi/lib/thumb/v7e-m+fp/hard\libc_nano.a(lib_a-strchr.o)
                0x000000000800f628                strchr
 .text.strcpy   0x000000000800f642       0x10 c:/st/stm32cubeide_1.10.1/stm32cubeide/plugins/com.st.stm32cube.ide.mcu.externaltools.gnu-tools-for-stm32.10.3-2021.10.win32_1.0.0.202111181127/tools/bin/../lib/gcc/arm-none-eabi/10.3.1/../../../../arm-none-eabi/lib/thumb/v7e-m+fp/hard\libc_nano.a(lib_a-strcpy.o)
                0x000000000800f642                strcpy
 *fill*         0x000000000800f652        0x2 
 .text._strtol_l.constprop.0
                0x000000000800f654      0x104 c:/st/stm32cubeide_1.10.1/stm32cubeide/plugins/com.st.stm32cube.ide.mcu.externaltools.gnu-tools-for-stm32.10.3-2021.10.win32_1.0.0.202111181127/tools/bin/../lib/gcc/arm-none-eabi/10.3.1/../../../../arm-none-eabi/lib/thumb/v7e-m+fp/hard\libc_nano.a(lib_a-strtol.o)
 .text.strtol   0x000000000800f758       0x14 c:/st/stm32cubeide_1.10.1/stm32cubeide/plugins/com.st.stm32cube.ide.mcu.externaltools.gnu-tools-for-stm32.10.3-2021.10.win32_1.0.0.202111181127/tools/bin/../lib/gcc/arm-none-eabi/10.3.1/../../../../arm-none-eabi/lib/thumb/v7e-m+fp/hard\libc_nano.a(lib_a-strtol.o)
                0x000000000800f758                strtol
 .text.__assert_func
                0x000000000800f76c       0x3c c:/st/stm32cubeide_1.10.1/stm32cubeide/plugins/com.st.stm32cube.ide.mcu.externaltools.gnu-tools-for-stm32.10.3-2021.10.win32_1.0.0.202111181127/tools/bin/../lib/gcc/arm-none-eabi/10.3.1/../../../../arm-none-eabi/lib/thumb/v7e-m+fp/hard\libc_nano.a(lib_a-assert.o)
                0x000000000800f76c                __assert_func
 .text.fprintf  0x000000000800f7a8       0x24 c:/st/stm32cubeide_1.10.1/stm32cubeide/plugins/com.st.stm32cube.ide.mcu.externaltools.gnu-tools-for-stm32.10.3-2021.10.win32_1.0.0.202111181127/tools/bin/../lib/gcc/arm-none-eabi/10.3.1/../../../../arm-none-eabi/lib/thumb/v7e-m+fp/hard\libc_nano.a(lib_a-fprintf.o)
                0x000000000800f7a8                fiprintf
                0x000000000800f7a8                fprintf
 .text.__malloc_lock
                0x000000000800f7cc        0xc c:/st/stm32cubeide_1.10.1/stm32cubeide/plugins/com.st.stm32cube.ide.mcu.externaltools.gnu-tools-for-stm32.10.3-2021.10.win32_1.0.0.202111181127/tools/bin/../lib/gcc/arm-none-eabi/10.3.1/../../../../arm-none-eabi/lib/thumb/v7e-m+fp/hard\libc_nano.a(lib_a-mlock.o)
                0x000000000800f7cc                __malloc_lock
 .text.__malloc_unlock
                0x000000000800f7d8        0xc c:/st/stm32cubeide_1.10.1/stm32cubeide/plugins/com.st.stm32cube.ide.mcu.externaltools.gnu-tools-for-stm32.10.3-2021.10.win32_1.0.0.202111181127/tools/bin/../lib/gcc/arm-none-eabi/10.3.1/../../../../arm-none-eabi/lib/thumb/v7e-m+fp/hard\libc_nano.a(lib_a-mlock.o)
                0x000000000800f7d8                __malloc_unlock
 .text.__ssputs_r
                0x000000000800f7e4       0xb6 c:/st/stm32cubeide_1.10.1/stm32cubeide/plugins/com.st.stm32cube.ide.mcu.externaltools.gnu-tools-for-stm32.10.3-2021.10.win32_1.0.0.202111181127/tools/bin/../lib/gcc/arm-none-eabi/10.3.1/../../../../arm-none-eabi/lib/thumb/v7e-m+fp/hard\libc_nano.a(lib_a-nano-svfprintf.o)
                0x000000000800f7e4                __ssputs_r
 *fill*         0x000000000800f89a        0x2 
 .text._svfprintf_r
                0x000000000800f89c      0x200 c:/st/stm32cubeide_1.10.1/stm32cubeide/plugins/com.st.stm32cube.ide.mcu.externaltools.gnu-tools-for-stm32.10.3-2021.10.win32_1.0.0.202111181127/tools/bin/../lib/gcc/arm-none-eabi/10.3.1/../../../../arm-none-eabi/lib/thumb/v7e-m+fp/hard\libc_nano.a(lib_a-nano-svfprintf.o)
                0x000000000800f89c                _svfiprintf_r
                0x000000000800f89c                _svfprintf_r
 .text.__sfputc_r
                0x000000000800fa9c       0x2e c:/st/stm32cubeide_1.10.1/stm32cubeide/plugins/com.st.stm32cube.ide.mcu.externaltools.gnu-tools-for-stm32.10.3-2021.10.win32_1.0.0.202111181127/tools/bin/../lib/gcc/arm-none-eabi/10.3.1/../../../../arm-none-eabi/lib/thumb/v7e-m+fp/hard\libc_nano.a(lib_a-nano-vfprintf.o)
 .text.__sfputs_r
                0x000000000800faca       0x24 c:/st/stm32cubeide_1.10.1/stm32cubeide/plugins/com.st.stm32cube.ide.mcu.externaltools.gnu-tools-for-stm32.10.3-2021.10.win32_1.0.0.202111181127/tools/bin/../lib/gcc/arm-none-eabi/10.3.1/../../../../arm-none-eabi/lib/thumb/v7e-m+fp/hard\libc_nano.a(lib_a-nano-vfprintf.o)
                0x000000000800faca                __sfputs_r
 *fill*         0x000000000800faee        0x2 
 .text._vfprintf_r
                0x000000000800faf0      0x260 c:/st/stm32cubeide_1.10.1/stm32cubeide/plugins/com.st.stm32cube.ide.mcu.externaltools.gnu-tools-for-stm32.10.3-2021.10.win32_1.0.0.202111181127/tools/bin/../lib/gcc/arm-none-eabi/10.3.1/../../../../arm-none-eabi/lib/thumb/v7e-m+fp/hard\libc_nano.a(lib_a-nano-vfprintf.o)
                0x000000000800faf0                _vfprintf_r
                0x000000000800faf0                _vfiprintf_r
 .text._printf_common
                0x000000000800fd50       0xda c:/st/stm32cubeide_1.10.1/stm32cubeide/plugins/com.st.stm32cube.ide.mcu.externaltools.gnu-tools-for-stm32.10.3-2021.10.win32_1.0.0.202111181127/tools/bin/../lib/gcc/arm-none-eabi/10.3.1/../../../../arm-none-eabi/lib/thumb/v7e-m+fp/hard\libc_nano.a(lib_a-nano-vfprintf_i.o)
                0x000000000800fd50                _printf_common
 *fill*         0x000000000800fe2a        0x2 
 .text._printf_i
                0x000000000800fe2c      0x24c c:/st/stm32cubeide_1.10.1/stm32cubeide/plugins/com.st.stm32cube.ide.mcu.externaltools.gnu-tools-for-stm32.10.3-2021.10.win32_1.0.0.202111181127/tools/bin/../lib/gcc/arm-none-eabi/10.3.1/../../../../arm-none-eabi/lib/thumb/v7e-m+fp/hard\libc_nano.a(lib_a-nano-vfprintf_i.o)
                0x000000000800fe2c                _printf_i
 .text.__swbuf_r
                0x0000000008010078       0xa4 c:/st/stm32cubeide_1.10.1/stm32cubeide/plugins/com.st.stm32cube.ide.mcu.externaltools.gnu-tools-for-stm32.10.3-2021.10.win32_1.0.0.202111181127/tools/bin/../lib/gcc/arm-none-eabi/10.3.1/../../../../arm-none-eabi/lib/thumb/v7e-m+fp/hard\libc_nano.a(lib_a-wbuf.o)
                0x0000000008010078                __swbuf_r
 .text.__swsetup_r
                0x000000000801011c       0xdc c:/st/stm32cubeide_1.10.1/stm32cubeide/plugins/com.st.stm32cube.ide.mcu.externaltools.gnu-tools-for-stm32.10.3-2021.10.win32_1.0.0.202111181127/tools/bin/../lib/gcc/arm-none-eabi/10.3.1/../../../../arm-none-eabi/lib/thumb/v7e-m+fp/hard\libc_nano.a(lib_a-wsetup.o)
                0x000000000801011c                __swsetup_r
 .text.abort    0x00000000080101f8        0xe c:/st/stm32cubeide_1.10.1/stm32cubeide/plugins/com.st.stm32cube.ide.mcu.externaltools.gnu-tools-for-stm32.10.3-2021.10.win32_1.0.0.202111181127/tools/bin/../lib/gcc/arm-none-eabi/10.3.1/../../../../arm-none-eabi/lib/thumb/v7e-m+fp/hard\libc_nano.a(lib_a-abort.o)
                0x00000000080101f8                abort
 *fill*         0x0000000008010206        0x2 
 .text.__sflush_r
                0x0000000008010208      0x10c c:/st/stm32cubeide_1.10.1/stm32cubeide/plugins/com.st.stm32cube.ide.mcu.externaltools.gnu-tools-for-stm32.10.3-2021.10.win32_1.0.0.202111181127/tools/bin/../lib/gcc/arm-none-eabi/10.3.1/../../../../arm-none-eabi/lib/thumb/v7e-m+fp/hard\libc_nano.a(lib_a-fflush.o)
                0x0000000008010208                __sflush_r
 .text._fflush_r
                0x0000000008010314       0x78 c:/st/stm32cubeide_1.10.1/stm32cubeide/plugins/com.st.stm32cube.ide.mcu.externaltools.gnu-tools-for-stm32.10.3-2021.10.win32_1.0.0.202111181127/tools/bin/../lib/gcc/arm-none-eabi/10.3.1/../../../../arm-none-eabi/lib/thumb/v7e-m+fp/hard\libc_nano.a(lib_a-fflush.o)
                0x0000000008010314                _fflush_r
 .text.std      0x000000000801038c       0x48 c:/st/stm32cubeide_1.10.1/stm32cubeide/plugins/com.st.stm32cube.ide.mcu.externaltools.gnu-tools-for-stm32.10.3-2021.10.win32_1.0.0.202111181127/tools/bin/../lib/gcc/arm-none-eabi/10.3.1/../../../../arm-none-eabi/lib/thumb/v7e-m+fp/hard\libc_nano.a(lib_a-findfp.o)
 .text._cleanup_r
                0x00000000080103d4        0xc c:/st/stm32cubeide_1.10.1/stm32cubeide/plugins/com.st.stm32cube.ide.mcu.externaltools.gnu-tools-for-stm32.10.3-2021.10.win32_1.0.0.202111181127/tools/bin/../lib/gcc/arm-none-eabi/10.3.1/../../../../arm-none-eabi/lib/thumb/v7e-m+fp/hard\libc_nano.a(lib_a-findfp.o)
                0x00000000080103d4                _cleanup_r
 .text.__sfmoreglue
                0x00000000080103e0       0x2c c:/st/stm32cubeide_1.10.1/stm32cubeide/plugins/com.st.stm32cube.ide.mcu.externaltools.gnu-tools-for-stm32.10.3-2021.10.win32_1.0.0.202111181127/tools/bin/../lib/gcc/arm-none-eabi/10.3.1/../../../../arm-none-eabi/lib/thumb/v7e-m+fp/hard\libc_nano.a(lib_a-findfp.o)
                0x00000000080103e0                __sfmoreglue
 .text.__sfp_lock_acquire
                0x000000000801040c        0xc c:/st/stm32cubeide_1.10.1/stm32cubeide/plugins/com.st.stm32cube.ide.mcu.externaltools.gnu-tools-for-stm32.10.3-2021.10.win32_1.0.0.202111181127/tools/bin/../lib/gcc/arm-none-eabi/10.3.1/../../../../arm-none-eabi/lib/thumb/v7e-m+fp/hard\libc_nano.a(lib_a-findfp.o)
                0x000000000801040c                __sfp_lock_acquire
 .text.__sfp_lock_release
                0x0000000008010418        0xc c:/st/stm32cubeide_1.10.1/stm32cubeide/plugins/com.st.stm32cube.ide.mcu.externaltools.gnu-tools-for-stm32.10.3-2021.10.win32_1.0.0.202111181127/tools/bin/../lib/gcc/arm-none-eabi/10.3.1/../../../../arm-none-eabi/lib/thumb/v7e-m+fp/hard\libc_nano.a(lib_a-findfp.o)
                0x0000000008010418                __sfp_lock_release
 .text.__sinit_lock_acquire
                0x0000000008010424        0xc c:/st/stm32cubeide_1.10.1/stm32cubeide/plugins/com.st.stm32cube.ide.mcu.externaltools.gnu-tools-for-stm32.10.3-2021.10.win32_1.0.0.202111181127/tools/bin/../lib/gcc/arm-none-eabi/10.3.1/../../../../arm-none-eabi/lib/thumb/v7e-m+fp/hard\libc_nano.a(lib_a-findfp.o)
                0x0000000008010424                __sinit_lock_acquire
 .text.__sinit_lock_release
                0x0000000008010430        0xc c:/st/stm32cubeide_1.10.1/stm32cubeide/plugins/com.st.stm32cube.ide.mcu.externaltools.gnu-tools-for-stm32.10.3-2021.10.win32_1.0.0.202111181127/tools/bin/../lib/gcc/arm-none-eabi/10.3.1/../../../../arm-none-eabi/lib/thumb/v7e-m+fp/hard\libc_nano.a(lib_a-findfp.o)
                0x0000000008010430                __sinit_lock_release
 .text.__sinit  0x000000000801043c       0x70 c:/st/stm32cubeide_1.10.1/stm32cubeide/plugins/com.st.stm32cube.ide.mcu.externaltools.gnu-tools-for-stm32.10.3-2021.10.win32_1.0.0.202111181127/tools/bin/../lib/gcc/arm-none-eabi/10.3.1/../../../../arm-none-eabi/lib/thumb/v7e-m+fp/hard\libc_nano.a(lib_a-findfp.o)
                0x000000000801043c                __sinit
 .text.__sfp    0x00000000080104ac       0x8c c:/st/stm32cubeide_1.10.1/stm32cubeide/plugins/com.st.stm32cube.ide.mcu.externaltools.gnu-tools-for-stm32.10.3-2021.10.win32_1.0.0.202111181127/tools/bin/../lib/gcc/arm-none-eabi/10.3.1/../../../../arm-none-eabi/lib/thumb/v7e-m+fp/hard\libc_nano.a(lib_a-findfp.o)
                0x00000000080104ac                __sfp
 .text._fwalk_reent
                0x0000000008010538       0x3e c:/st/stm32cubeide_1.10.1/stm32cubeide/plugins/com.st.stm32cube.ide.mcu.externaltools.gnu-tools-for-stm32.10.3-2021.10.win32_1.0.0.202111181127/tools/bin/../lib/gcc/arm-none-eabi/10.3.1/../../../../arm-none-eabi/lib/thumb/v7e-m+fp/hard\libc_nano.a(lib_a-fwalk.o)
                0x0000000008010538                _fwalk_reent
 .text.__retarget_lock_init_recursive
                0x0000000008010576        0x2 c:/st/stm32cubeide_1.10.1/stm32cubeide/plugins/com.st.stm32cube.ide.mcu.externaltools.gnu-tools-for-stm32.10.3-2021.10.win32_1.0.0.202111181127/tools/bin/../lib/gcc/arm-none-eabi/10.3.1/../../../../arm-none-eabi/lib/thumb/v7e-m+fp/hard\libc_nano.a(lib_a-lock.o)
                0x0000000008010576                __retarget_lock_init_recursive
 .text.__retarget_lock_acquire_recursive
                0x0000000008010578        0x2 c:/st/stm32cubeide_1.10.1/stm32cubeide/plugins/com.st.stm32cube.ide.mcu.externaltools.gnu-tools-for-stm32.10.3-2021.10.win32_1.0.0.202111181127/tools/bin/../lib/gcc/arm-none-eabi/10.3.1/../../../../arm-none-eabi/lib/thumb/v7e-m+fp/hard\libc_nano.a(lib_a-lock.o)
                0x0000000008010578                __retarget_lock_acquire_recursive
 .text.__retarget_lock_release_recursive
                0x000000000801057a        0x2 c:/st/stm32cubeide_1.10.1/stm32cubeide/plugins/com.st.stm32cube.ide.mcu.externaltools.gnu-tools-for-stm32.10.3-2021.10.win32_1.0.0.202111181127/tools/bin/../lib/gcc/arm-none-eabi/10.3.1/../../../../arm-none-eabi/lib/thumb/v7e-m+fp/hard\libc_nano.a(lib_a-lock.o)
                0x000000000801057a                __retarget_lock_release_recursive
 .text.__swhatbuf_r
                0x000000000801057c       0x4a c:/st/stm32cubeide_1.10.1/stm32cubeide/plugins/com.st.stm32cube.ide.mcu.externaltools.gnu-tools-for-stm32.10.3-2021.10.win32_1.0.0.202111181127/tools/bin/../lib/gcc/arm-none-eabi/10.3.1/../../../../arm-none-eabi/lib/thumb/v7e-m+fp/hard\libc_nano.a(lib_a-makebuf.o)
                0x000000000801057c                __swhatbuf_r
 *fill*         0x00000000080105c6        0x2 
 .text.__smakebuf_r
                0x00000000080105c8       0x80 c:/st/stm32cubeide_1.10.1/stm32cubeide/plugins/com.st.stm32cube.ide.mcu.externaltools.gnu-tools-for-stm32.10.3-2021.10.win32_1.0.0.202111181127/tools/bin/../lib/gcc/arm-none-eabi/10.3.1/../../../../arm-none-eabi/lib/thumb/v7e-m+fp/hard\libc_nano.a(lib_a-makebuf.o)
                0x00000000080105c8                __smakebuf_r
 .text.memmove  0x0000000008010648       0x34 c:/st/stm32cubeide_1.10.1/stm32cubeide/plugins/com.st.stm32cube.ide.mcu.externaltools.gnu-tools-for-stm32.10.3-2021.10.win32_1.0.0.202111181127/tools/bin/../lib/gcc/arm-none-eabi/10.3.1/../../../../arm-none-eabi/lib/thumb/v7e-m+fp/hard\libc_nano.a(lib_a-memmove.o)
                0x0000000008010648                memmove
 .text._realloc_r
                0x000000000801067c       0x5e c:/st/stm32cubeide_1.10.1/stm32cubeide/plugins/com.st.stm32cube.ide.mcu.externaltools.gnu-tools-for-stm32.10.3-2021.10.win32_1.0.0.202111181127/tools/bin/../lib/gcc/arm-none-eabi/10.3.1/../../../../arm-none-eabi/lib/thumb/v7e-m+fp/hard\libc_nano.a(lib_a-nano-reallocr.o)
                0x000000000801067c                _realloc_r
 .text._raise_r
                0x00000000080106da       0x50 c:/st/stm32cubeide_1.10.1/stm32cubeide/plugins/com.st.stm32cube.ide.mcu.externaltools.gnu-tools-for-stm32.10.3-2021.10.win32_1.0.0.202111181127/tools/bin/../lib/gcc/arm-none-eabi/10.3.1/../../../../arm-none-eabi/lib/thumb/v7e-m+fp/hard\libc_nano.a(lib_a-signal.o)
                0x00000000080106da                _raise_r
 *fill*         0x000000000801072a        0x2 
 .text.raise    0x000000000801072c       0x10 c:/st/stm32cubeide_1.10.1/stm32cubeide/plugins/com.st.stm32cube.ide.mcu.externaltools.gnu-tools-for-stm32.10.3-2021.10.win32_1.0.0.202111181127/tools/bin/../lib/gcc/arm-none-eabi/10.3.1/../../../../arm-none-eabi/lib/thumb/v7e-m+fp/hard\libc_nano.a(lib_a-signal.o)
                0x000000000801072c                raise
 .text._kill_r  0x000000000801073c       0x24 c:/st/stm32cubeide_1.10.1/stm32cubeide/plugins/com.st.stm32cube.ide.mcu.externaltools.gnu-tools-for-stm32.10.3-2021.10.win32_1.0.0.202111181127/tools/bin/../lib/gcc/arm-none-eabi/10.3.1/../../../../arm-none-eabi/lib/thumb/v7e-m+fp/hard\libc_nano.a(lib_a-signalr.o)
                0x000000000801073c                _kill_r
 .text._getpid_r
                0x0000000008010760        0x4 c:/st/stm32cubeide_1.10.1/stm32cubeide/plugins/com.st.stm32cube.ide.mcu.externaltools.gnu-tools-for-stm32.10.3-2021.10.win32_1.0.0.202111181127/tools/bin/../lib/gcc/arm-none-eabi/10.3.1/../../../../arm-none-eabi/lib/thumb/v7e-m+fp/hard\libc_nano.a(lib_a-signalr.o)
                0x0000000008010760                _getpid_r
 .text.__sread  0x0000000008010764       0x22 c:/st/stm32cubeide_1.10.1/stm32cubeide/plugins/com.st.stm32cube.ide.mcu.externaltools.gnu-tools-for-stm32.10.3-2021.10.win32_1.0.0.202111181127/tools/bin/../lib/gcc/arm-none-eabi/10.3.1/../../../../arm-none-eabi/lib/thumb/v7e-m+fp/hard\libc_nano.a(lib_a-stdio.o)
                0x0000000008010764                __sread
 .text.__swrite
                0x0000000008010786       0x38 c:/st/stm32cubeide_1.10.1/stm32cubeide/plugins/com.st.stm32cube.ide.mcu.externaltools.gnu-tools-for-stm32.10.3-2021.10.win32_1.0.0.202111181127/tools/bin/../lib/gcc/arm-none-eabi/10.3.1/../../../../arm-none-eabi/lib/thumb/v7e-m+fp/hard\libc_nano.a(lib_a-stdio.o)
                0x0000000008010786                __swrite
 .text.__sseek  0x00000000080107be       0x24 c:/st/stm32cubeide_1.10.1/stm32cubeide/plugins/com.st.stm32cube.ide.mcu.externaltools.gnu-tools-for-stm32.10.3-2021.10.win32_1.0.0.202111181127/tools/bin/../lib/gcc/arm-none-eabi/10.3.1/../../../../arm-none-eabi/lib/thumb/v7e-m+fp/hard\libc_nano.a(lib_a-stdio.o)
                0x00000000080107be                __sseek
 .text.__sclose
                0x00000000080107e2        0x8 c:/st/stm32cubeide_1.10.1/stm32cubeide/plugins/com.st.stm32cube.ide.mcu.externaltools.gnu-tools-for-stm32.10.3-2021.10.win32_1.0.0.202111181127/tools/bin/../lib/gcc/arm-none-eabi/10.3.1/../../../../arm-none-eabi/lib/thumb/v7e-m+fp/hard\libc_nano.a(lib_a-stdio.o)
                0x00000000080107e2                __sclose
 *fill*         0x00000000080107ea        0x2 
 .text._write_r
                0x00000000080107ec       0x24 c:/st/stm32cubeide_1.10.1/stm32cubeide/plugins/com.st.stm32cube.ide.mcu.externaltools.gnu-tools-for-stm32.10.3-2021.10.win32_1.0.0.202111181127/tools/bin/../lib/gcc/arm-none-eabi/10.3.1/../../../../arm-none-eabi/lib/thumb/v7e-m+fp/hard\libc_nano.a(lib_a-writer.o)
                0x00000000080107ec                _write_r
 .text._close_r
                0x0000000008010810       0x20 c:/st/stm32cubeide_1.10.1/stm32cubeide/plugins/com.st.stm32cube.ide.mcu.externaltools.gnu-tools-for-stm32.10.3-2021.10.win32_1.0.0.202111181127/tools/bin/../lib/gcc/arm-none-eabi/10.3.1/../../../../arm-none-eabi/lib/thumb/v7e-m+fp/hard\libc_nano.a(lib_a-closer.o)
                0x0000000008010810                _close_r
 .text._fstat_r
                0x0000000008010830       0x24 c:/st/stm32cubeide_1.10.1/stm32cubeide/plugins/com.st.stm32cube.ide.mcu.externaltools.gnu-tools-for-stm32.10.3-2021.10.win32_1.0.0.202111181127/tools/bin/../lib/gcc/arm-none-eabi/10.3.1/../../../../arm-none-eabi/lib/thumb/v7e-m+fp/hard\libc_nano.a(lib_a-fstatr.o)
                0x0000000008010830                _fstat_r
 .text._isatty_r
                0x0000000008010854       0x20 c:/st/stm32cubeide_1.10.1/stm32cubeide/plugins/com.st.stm32cube.ide.mcu.externaltools.gnu-tools-for-stm32.10.3-2021.10.win32_1.0.0.202111181127/tools/bin/../lib/gcc/arm-none-eabi/10.3.1/../../../../arm-none-eabi/lib/thumb/v7e-m+fp/hard\libc_nano.a(lib_a-isattyr.o)
                0x0000000008010854                _isatty_r
 .text._lseek_r
                0x0000000008010874       0x24 c:/st/stm32cubeide_1.10.1/stm32cubeide/plugins/com.st.stm32cube.ide.mcu.externaltools.gnu-tools-for-stm32.10.3-2021.10.win32_1.0.0.202111181127/tools/bin/../lib/gcc/arm-none-eabi/10.3.1/../../../../arm-none-eabi/lib/thumb/v7e-m+fp/hard\libc_nano.a(lib_a-lseekr.o)
                0x0000000008010874                _lseek_r
 .text._malloc_usable_size_r
                0x0000000008010898       0x10 c:/st/stm32cubeide_1.10.1/stm32cubeide/plugins/com.st.stm32cube.ide.mcu.externaltools.gnu-tools-for-stm32.10.3-2021.10.win32_1.0.0.202111181127/tools/bin/../lib/gcc/arm-none-eabi/10.3.1/../../../../arm-none-eabi/lib/thumb/v7e-m+fp/hard\libc_nano.a(lib_a-nano-msizer.o)
                0x0000000008010898                _malloc_usable_size_r
 .text._read_r  0x00000000080108a8       0x24 c:/st/stm32cubeide_1.10.1/stm32cubeide/plugins/com.st.stm32cube.ide.mcu.externaltools.gnu-tools-for-stm32.10.3-2021.10.win32_1.0.0.202111181127/tools/bin/../lib/gcc/arm-none-eabi/10.3.1/../../../../arm-none-eabi/lib/thumb/v7e-m+fp/hard\libc_nano.a(lib_a-readr.o)
                0x00000000080108a8                _read_r
 *(.glue_7)
 .glue_7        0x00000000080108cc        0x0 linker stubs
 *(.glue_7t)
 .glue_7t       0x00000000080108cc        0x0 linker stubs
 *(.eh_frame)
 .eh_frame      0x00000000080108cc        0x0 c:/st/stm32cubeide_1.10.1/stm32cubeide/plugins/com.st.stm32cube.ide.mcu.externaltools.gnu-tools-for-stm32.10.3-2021.10.win32_1.0.0.202111181127/tools/bin/../lib/gcc/arm-none-eabi/10.3.1/thumb/v7e-m+fp/hard/crtbegin.o
 *(.init)
 .init          0x00000000080108cc        0x4 c:/st/stm32cubeide_1.10.1/stm32cubeide/plugins/com.st.stm32cube.ide.mcu.externaltools.gnu-tools-for-stm32.10.3-2021.10.win32_1.0.0.202111181127/tools/bin/../lib/gcc/arm-none-eabi/10.3.1/thumb/v7e-m+fp/hard/crti.o
                0x00000000080108cc                _init
 .init          0x00000000080108d0        0x8 c:/st/stm32cubeide_1.10.1/stm32cubeide/plugins/com.st.stm32cube.ide.mcu.externaltools.gnu-tools-for-stm32.10.3-2021.10.win32_1.0.0.202111181127/tools/bin/../lib/gcc/arm-none-eabi/10.3.1/thumb/v7e-m+fp/hard/crtn.o
 *(.fini)
 .fini          0x00000000080108d8        0x4 c:/st/stm32cubeide_1.10.1/stm32cubeide/plugins/com.st.stm32cube.ide.mcu.externaltools.gnu-tools-for-stm32.10.3-2021.10.win32_1.0.0.202111181127/tools/bin/../lib/gcc/arm-none-eabi/10.3.1/thumb/v7e-m+fp/hard/crti.o
                0x00000000080108d8                _fini
 .fini          0x00000000080108dc        0x8 c:/st/stm32cubeide_1.10.1/stm32cubeide/plugins/com.st.stm32cube.ide.mcu.externaltools.gnu-tools-for-stm32.10.3-2021.10.win32_1.0.0.202111181127/tools/bin/../lib/gcc/arm-none-eabi/10.3.1/thumb/v7e-m+fp/hard/crtn.o
                0x00000000080108e4                . = ALIGN (0x4)
                0x00000000080108e4                _etext = .

.vfp11_veneer   0x00000000080108e4        0x0
 .vfp11_veneer  0x00000000080108e4        0x0 linker stubs

.v4_bx          0x00000000080108e4        0x0
 .v4_bx         0x00000000080108e4        0x0 linker stubs

.iplt           0x00000000080108e4        0x0
 .iplt          0x00000000080108e4        0x0 c:/st/stm32cubeide_1.10.1/stm32cubeide/plugins/com.st.stm32cube.ide.mcu.externaltools.gnu-tools-for-stm32.10.3-2021.10.win32_1.0.0.202111181127/tools/bin/../lib/gcc/arm-none-eabi/10.3.1/thumb/v7e-m+fp/hard/crtbegin.o

.rodata         0x00000000080108e4      0x758
                0x00000000080108e4                . = ALIGN (0x4)
 *(.rodata)
 .rodata        0x00000000080108e4       0xeb ./Core/Src/W5500_C/httpClient.o
 *fill*         0x00000000080109cf        0x1 
 .rodata        0x00000000080109d0      0x10e ./Core/Src/W5500_C/w5500_spi.o
 *fill*         0x0000000008010ade        0x2 
 .rodata        0x0000000008010ae0       0x49 ./Core/srccpp/DisplayCPP/DisplayRoutine.o
 *fill*         0x0000000008010b29        0x3 
 .rodata        0x0000000008010b2c        0xf ./Core/srccpp/DisplayCPP/GLCD.o
 *fill*         0x0000000008010b3b        0x1 
 .rodata        0x0000000008010b3c      0x200 ./Core/srccpp/Modbus/Modbusrtu.o
 *(.rodata*)
 .rodata.AHBPrescTable
                0x0000000008010d3c       0x10 ./Core/Src/system_stm32l4xx.o
                0x0000000008010d3c                AHBPrescTable
 .rodata.APBPrescTable
                0x0000000008010d4c        0x8 ./Core/Src/system_stm32l4xx.o
                0x0000000008010d4c                APBPrescTable
 .rodata.MSIRangeTable
                0x0000000008010d54       0x30 ./Core/Src/system_stm32l4xx.o
                0x0000000008010d54                MSIRangeTable
 .rodata._ZTV11Loadmeasure
                0x0000000008010d84       0x10 ./Core/srccpp/BussinessLogic/ApplicationSW.o
                0x0000000008010d84                vtable for Loadmeasure
 .rodata._ZTV6common
                0x0000000008010d94       0x10 ./Core/srccpp/Common/common.o
                0x0000000008010d94                vtable for common
 .rodata._ZTV14DisplayRoutine
                0x0000000008010da4       0x10 ./Core/srccpp/DisplayCPP/DisplayRoutine.o
                0x0000000008010da4                vtable for DisplayRoutine
 .rodata._ZTV4GLCD
                0x0000000008010db4       0x10 ./Core/srccpp/DisplayCPP/GLCD.o
                0x0000000008010db4                vtable for GLCD
 .rodata._ZTV10W5500Class
                0x0000000008010dc4       0x10 ./Core/srccpp/Ethernet/W5500.o
                0x0000000008010dc4                vtable for W5500Class
 .rodata._ZTV9Modbusrtu
                0x0000000008010dd4       0x10 ./Core/srccpp/Modbus/Modbusrtu.o
                0x0000000008010dd4                vtable for Modbusrtu
 .rodata._ZTV14OfflineStorage
                0x0000000008010de4       0x10 ./Core/srccpp/OfflineStorage/OfflineStorage.o
                0x0000000008010de4                vtable for OfflineStorage
 .rodata._global_impure_ptr
                0x0000000008010df4        0x4 c:/st/stm32cubeide_1.10.1/stm32cubeide/plugins/com.st.stm32cube.ide.mcu.externaltools.gnu-tools-for-stm32.10.3-2021.10.win32_1.0.0.202111181127/tools/bin/../lib/gcc/arm-none-eabi/10.3.1/../../../../arm-none-eabi/lib/thumb/v7e-m+fp/hard\libc_nano.a(lib_a-impure.o)
                0x0000000008010df4                _global_impure_ptr
 .rodata.srand.str1.1
                0x0000000008010df8       0x72 c:/st/stm32cubeide_1.10.1/stm32cubeide/plugins/com.st.stm32cube.ide.mcu.externaltools.gnu-tools-for-stm32.10.3-2021.10.win32_1.0.0.202111181127/tools/bin/../lib/gcc/arm-none-eabi/10.3.1/../../../../arm-none-eabi/lib/thumb/v7e-m+fp/hard\libc_nano.a(lib_a-rand.o)
 .rodata.__assert_func.str1.1
                0x0000000008010e6a       0x3c c:/st/stm32cubeide_1.10.1/stm32cubeide/plugins/com.st.stm32cube.ide.mcu.externaltools.gnu-tools-for-stm32.10.3-2021.10.win32_1.0.0.202111181127/tools/bin/../lib/gcc/arm-none-eabi/10.3.1/../../../../arm-none-eabi/lib/thumb/v7e-m+fp/hard\libc_nano.a(lib_a-assert.o)
                                         0x3d (size before relaxing)
 .rodata._ctype_
                0x0000000008010ea6      0x101 c:/st/stm32cubeide_1.10.1/stm32cubeide/plugins/com.st.stm32cube.ide.mcu.externaltools.gnu-tools-for-stm32.10.3-2021.10.win32_1.0.0.202111181127/tools/bin/../lib/gcc/arm-none-eabi/10.3.1/../../../../arm-none-eabi/lib/thumb/v7e-m+fp/hard\libc_nano.a(lib_a-ctype_.o)
                0x0000000008010ea6                _ctype_
 .rodata._svfprintf_r.str1.1
                0x0000000008010fa7       0x11 c:/st/stm32cubeide_1.10.1/stm32cubeide/plugins/com.st.stm32cube.ide.mcu.externaltools.gnu-tools-for-stm32.10.3-2021.10.win32_1.0.0.202111181127/tools/bin/../lib/gcc/arm-none-eabi/10.3.1/../../../../arm-none-eabi/lib/thumb/v7e-m+fp/hard\libc_nano.a(lib_a-nano-svfprintf.o)
 .rodata._vfprintf_r.str1.1
                0x0000000008010fb8       0x11 c:/st/stm32cubeide_1.10.1/stm32cubeide/plugins/com.st.stm32cube.ide.mcu.externaltools.gnu-tools-for-stm32.10.3-2021.10.win32_1.0.0.202111181127/tools/bin/../lib/gcc/arm-none-eabi/10.3.1/../../../../arm-none-eabi/lib/thumb/v7e-m+fp/hard\libc_nano.a(lib_a-nano-vfprintf.o)
 .rodata._printf_i.str1.1
                0x0000000008010fb8       0x22 c:/st/stm32cubeide_1.10.1/stm32cubeide/plugins/com.st.stm32cube.ide.mcu.externaltools.gnu-tools-for-stm32.10.3-2021.10.win32_1.0.0.202111181127/tools/bin/../lib/gcc/arm-none-eabi/10.3.1/../../../../arm-none-eabi/lib/thumb/v7e-m+fp/hard\libc_nano.a(lib_a-nano-vfprintf_i.o)
 *fill*         0x0000000008010fda        0x2 
 .rodata.__sf_fake_stderr
                0x0000000008010fdc       0x20 c:/st/stm32cubeide_1.10.1/stm32cubeide/plugins/com.st.stm32cube.ide.mcu.externaltools.gnu-tools-for-stm32.10.3-2021.10.win32_1.0.0.202111181127/tools/bin/../lib/gcc/arm-none-eabi/10.3.1/../../../../arm-none-eabi/lib/thumb/v7e-m+fp/hard\libc_nano.a(lib_a-findfp.o)
                0x0000000008010fdc                __sf_fake_stderr
 .rodata.__sf_fake_stdin