../Core/Src/W5500_C/httpClient.c:57:9:httpc_init	32	static
../Core/Src/W5500_C/httpClient.c:86:9:httpc_connection_handler	16	static
../Core/Src/W5500_C/httpClient.c:160:9:httpc_connect	16	static
../Core/Src/W5500_C/httpClient.c:177:10:httpc_add_customHeader_field	48	static
../Core/Src/W5500_C/httpClient.c:196:10:httpc_send_header	32	static
../Core/Src/W5500_C/httpClient.c:252:10:httpc_send_body	24	static
../Core/Src/W5500_C/httpClient.c:285:10:httpc_send	32	static
../Core/Src/W5500_C/httpClient.c:352:10:httpc_recv	24	static
../Core/Src/W5500_C/httpClient.c:371:9:httpc_disconnect	16	static
../Core/Src/W5500_C/httpClient.c:395:10:get_httpc_any_port	8	static
../Core/Src/W5500_C/httpClient.c:415:6:receivehttpcheck	8	static
../Core/Src/W5500_C/httpClient.c:488:5:get_index	24	static
../Core/Src/W5500_C/httpClient.c:498:10:getSubstring	64	static
