../Core/Src/W5500_C/httpClient.c:58:9:httpc_init	32	static
../Core/Src/W5500_C/httpClient.c:87:9:httpc_connection_handler	16	static
../Core/Src/W5500_C/httpClient.c:161:9:httpc_connect	16	static
../Core/Src/W5500_C/httpClient.c:178:10:httpc_add_customHeader_field	48	static
../Core/Src/W5500_C/httpClient.c:197:10:httpc_send_header	32	static
../Core/Src/W5500_C/httpClient.c:253:10:httpc_send_body	24	static
../Core/Src/W5500_C/httpClient.c:286:10:httpc_send	32	static
../Core/Src/W5500_C/httpClient.c:353:10:httpc_recv	24	static
../Core/Src/W5500_C/httpClient.c:372:9:httpc_disconnect	16	static
../Core/Src/W5500_C/httpClient.c:396:10:get_httpc_any_port	8	static
../Core/Src/W5500_C/httpClient.c:416:6:receivehttpcheck	8	static
../Core/Src/W5500_C/httpClient.c:492:5:get_index	24	static
../Core/Src/W5500_C/httpClient.c:502:10:getSubstring	64	static
