../Core/Src/W5500_C/w5500_spi.c:81:6:wizchip_select	8	static
../Core/Src/W5500_C/w5500_spi.c:86:6:wizchip_deselect	8	static
../Core/Src/W5500_C/w5500_spi.c:91:6:W5500_ReadBuff	16	static
../Core/Src/W5500_C/w5500_spi.c:96:6:W5500_WriteBuff	16	static
../Core/Src/W5500_C/w5500_spi.c:101:9:W5500_Spi	32	static
../Core/Src/W5500_C/w5500_spi.c:133:6:Callback_IPAssigned	4	static
../Core/Src/W5500_C/w5500_spi.c:137:6:Callback_IPConflict	4	static
../Core/Src/W5500_C/w5500_spi.c:190:6:wiz5500Init	40	static
../Core/Src/W5500_C/w5500_spi.c:247:6:processDHCP	16	static
../Core/Src/W5500_C/w5500_spi.c:275:6:initializeHttp	16	static
../Core/Src/W5500_C/w5500_spi.c:284:6:ethernetHTTPRoutine	32	static
