../Core/srccpp/OfflineStorage/OfflineStorage.cpp:47:1:OfflineStorage::OfflineStorage()	16	static
../Core/srccpp/OfflineStorage/OfflineStorage.cpp:52:1:OfflineStorage::~OfflineStorage()	16	static
../Core/srccpp/OfflineStorage/OfflineStorage.cpp:52:1:virtual OfflineStorage::~OfflineStorage()	16	static
../Core/srccpp/OfflineStorage/OfflineStorage.cpp:56:6:void OfflineStorage::run()	16	static
../Core/srccpp/OfflineStorage/OfflineStorage.cpp:63:6:void OfflineStorage::m_writesetdata()	16	static
../Core/srccpp/OfflineStorage/OfflineStorage.cpp:91:6:void OfflineStorage::m_writecalculationdata()	16	static
../Core/srccpp/OfflineStorage/OfflineStorage.cpp:128:6:void OfflineStorage::writeTargetdata()	16	static
../Core/srccpp/OfflineStorage/OfflineStorage.cpp:169:6:void OfflineStorage::m_readIPdata()	16	static
../Core/srccpp/OfflineStorage/OfflineStorage.cpp:201:6:void OfflineStorage::m_readsetdata()	16	static
../Core/srccpp/OfflineStorage/OfflineStorage.cpp:218:6:void OfflineStorage::readTargetdata()	16	static
../Core/srccpp/OfflineStorage/OfflineStorage.cpp:230:6:void OfflineStorage::ReadOfflinedataInit()	16	static
../Core/srccpp/OfflineStorage/OfflineStorage.cpp:237:6:void OfflineStorage::ECUProductionInit()	16	static
