../Core/srccpp/OfflineStorage/OfflineStorage.cpp:46:1:OfflineStorage::OfflineStorage()	16	static
../Core/srccpp/OfflineStorage/OfflineStorage.cpp:51:1:OfflineStorage::~OfflineStorage()	16	static
../Core/srccpp/OfflineStorage/OfflineStorage.cpp:51:1:virtual OfflineStorage::~OfflineStorage()	16	static
../Core/srccpp/OfflineStorage/OfflineStorage.cpp:55:6:void OfflineStorage::run()	16	static
../Core/srccpp/OfflineStorage/OfflineStorage.cpp:62:6:void OfflineStorage::m_writesetdata()	16	static
../Core/srccpp/OfflineStorage/OfflineStorage.cpp:90:6:void OfflineStorage::m_writecalculationdata()	16	static
../Core/srccpp/OfflineStorage/OfflineStorage.cpp:126:6:void OfflineStorage::writeTargetdata()	16	static
../Core/srccpp/OfflineStorage/OfflineStorage.cpp:167:6:void OfflineStorage::m_readIPdata()	16	static
../Core/srccpp/OfflineStorage/OfflineStorage.cpp:199:6:void OfflineStorage::m_readsetdata()	16	static
../Core/srccpp/OfflineStorage/OfflineStorage.cpp:216:6:void OfflineStorage::readTargetdata()	16	static
../Core/srccpp/OfflineStorage/OfflineStorage.cpp:228:6:void OfflineStorage::ReadOfflinedataInit()	16	static
../Core/srccpp/OfflineStorage/OfflineStorage.cpp:235:6:void OfflineStorage::ECUProductionInit()	16	static
