../Core/srccpp/Modbus/Modbusrtu.cpp:55:1:Modbusrtu::Modbusrtu()	16	static
../Core/srccpp/Modbus/Modbusrtu.cpp:60:1:Modbusrtu::~Modbusrtu()	16	static
../Core/srccpp/Modbus/Modbusrtu.cpp:60:1:virtual Modbusrtu::~Modbusrtu()	16	static
../Core/srccpp/Modbus/Modbusrtu.cpp:64:9:uint8_t Modbusrtu::getReadInputReg() const	16	static
../Core/srccpp/Modbus/Modbusrtu.cpp:69:10:uint16_t Modbusrtu::getStartAddress() const	16	static
../Core/srccpp/Modbus/Modbusrtu.cpp:74:10:uint16_t Modbusrtu::getNoOfData() const	16	static
../Core/srccpp/Modbus/Modbusrtu.cpp:79:6:void Modbusrtu::ModbusReadTransaction()	16	static
../Core/srccpp/Modbus/Modbusrtu.cpp:169:6:void HAL_UART_TxCpltCallback(UART_HandleTypeDef*)	16	static
../Core/srccpp/Modbus/Modbusrtu.cpp:174:10:uint16_t Modbusrtu::ASCChecksum(uint8_t*, uint8_t)	32	static
../Core/srccpp/Modbus/Modbusrtu.cpp:192:6:void Modbusrtu::dwinFrame()	16	static
../Core/srccpp/Modbus/Modbusrtu.cpp:260:6:void Modbusrtu::dwinDecoder()	16	static
../Core/srccpp/Modbus/Modbusrtu.cpp:337:6:void Modbusrtu::sevenSegFrame()	16	static
