../Core/srccpp/BussinessLogic/ApplicationSW.cpp:55:1:Loadmeasure::Loadmeasure()	16	static
../Core/srccpp/BussinessLogic/ApplicationSW.cpp:60:1:Loadmeasure::~Loadmeasure()	16	static
../Core/srccpp/BussinessLogic/ApplicationSW.cpp:60:1:virtual Loadmeasure::~Loadmeasure()	16	static
../Core/srccpp/BussinessLogic/ApplicationSW.cpp:64:6:void Loadmeasure::run()	16	static
../Core/srccpp/BussinessLogic/ApplicationSW.cpp:75:6:void Loadmeasure::inputBasedTrigger()	16	static
../Core/srccpp/BussinessLogic/ApplicationSW.cpp:107:10:uint32_t Loadmeasure::calculationCarbonWeight()	24	static
../Core/srccpp/BussinessLogic/ApplicationSW.cpp:131:10:uint32_t Loadmeasure::calculationSilicaWeight()	24	static
../Core/srccpp/BussinessLogic/ApplicationSW.cpp:156:10:uint32_t Loadmeasure::calculationManganeaseWeight()	24	static
../Core/srccpp/BussinessLogic/ApplicationSW.cpp:180:10:uint32_t Loadmeasure::calculationCopperWeight()	24	static
../Core/srccpp/BussinessLogic/ApplicationSW.cpp:204:10:uint32_t Loadmeasure::calculationTinWeight()	24	static
../Core/srccpp/BussinessLogic/ApplicationSW.cpp:229:10:uint32_t Loadmeasure::calculationZincWeight()	24	static
