../Core/srccpp/BussinessLogic/ApplicationSW.cpp:52:1:Loadmeasure::Loadmeasure()	16	static
../Core/srccpp/BussinessLogic/ApplicationSW.cpp:57:1:Loadmeasure::~Loadmeasure()	16	static
../Core/srccpp/BussinessLogic/ApplicationSW.cpp:57:1:virtual Loadmeasure::~Loadmeasure()	16	static
../Core/srccpp/BussinessLogic/ApplicationSW.cpp:61:6:void Loadmeasure::run()	16	static
../Core/srccpp/BussinessLogic/ApplicationSW.cpp:72:6:void Loadmeasure::inputBasedTrigger()	16	static
../Core/srccpp/BussinessLogic/ApplicationSW.cpp:104:10:uint32_t Loadmeasure::calculationCarbonWeight()	24	static
../Core/srccpp/BussinessLogic/ApplicationSW.cpp:128:10:uint32_t Loadmeasure::calculationSilicaWeight()	24	static
../Core/srccpp/BussinessLogic/ApplicationSW.cpp:153:10:uint32_t Loadmeasure::calculationManganeaseWeight()	24	static
../Core/srccpp/BussinessLogic/ApplicationSW.cpp:177:10:uint32_t Loadmeasure::calculationCopperWeight()	24	static
../Core/srccpp/BussinessLogic/ApplicationSW.cpp:201:10:uint32_t Loadmeasure::calculationTinWeight()	24	static
../Core/srccpp/BussinessLogic/ApplicationSW.cpp:226:10:uint32_t Loadmeasure::calculationZincWeight()	24	static
