../Core/Src/main.c:99:5:main	8	static
../Core/Src/main.c:180:6:SystemClock_Config	96	static
../Core/Src/main.c:231:13:MX_I2C1_Init	8	static
../Core/Src/main.c:279:13:MX_LPUART1_UART_Init	8	static
../Core/Src/main.c:313:13:MX_USART1_UART_Init	8	static
../Core/Src/main.c:348:13:MX_USART2_UART_Init	8	static
../Core/Src/main.c:383:13:MX_SPI1_Init	8	static
../Core/Src/main.c:423:13:MX_SPI2_Init	8	static
../Core/Src/main.c:463:13:MX_TIM1_Init	40	static
../Core/Src/main.c:510:13:MX_TIM6_Init	24	static
../Core/Src/main.c:548:13:MX_TIM7_Init	24	static
../Core/Src/main.c:586:13:MX_GPIO_Init	48	static
../Core/Src/main.c:695:6:Error_Handler	4	static,ignoring_inline_asm
